This is pdfTeX, Version 3.141592653-2.6-1.40.25 (TeX Live 2023) (preloaded format=pdflatex 2023.7.25)  7 AUG 2023 17:38
entering extended mode
 restricted \write18 enabled.
 file:line:error style messages enabled.
 %&-line parsing enabled.
**/Users/ailiescu/Library/CloudStorage/OneDrive-UniversityofCambridge/phd-thesis/thesis/group-instance-disentanglement/main.tex
(/Users/ailiescu/Library/CloudStorage/OneDrive-UniversityofCambridge/phd-thesis/thesis/group-instance-disentanglement/main.tex
LaTeX2e <2022-11-01> patch level 1
L3 programming layer <2023-02-22> (/usr/local/texlive/2023/texmf-dist/tex/latex/base/report.cls
Document Class: report 2022/07/02 v1.4n Standard LaTeX document class
(/usr/local/texlive/2023/texmf-dist/tex/latex/base/size12.clo
File: size12.clo 2022/07/02 v1.4n Standard LaTeX file (size option)
)
\c@part=\count185
\c@chapter=\count186
\c@section=\count187
\c@subsection=\count188
\c@subsubsection=\count189
\c@paragraph=\count190
\c@subparagraph=\count191
\c@figure=\count192
\c@table=\count193
\abovecaptionskip=\skip48
\belowcaptionskip=\skip49
\bibindent=\dimen140
) (/usr/local/texlive/2023/texmf-dist/tex/latex/biblatex/biblatex.sty
Package: biblatex 2023/03/05 v3.19 programmable bibliographies (PK/MW)
 (/usr/local/texlive/2023/texmf-dist/tex/generic/pdftexcmds/pdftexcmds.sty
Package: pdftexcmds 2020-06-27 v0.33 Utility functions of pdfTeX for LuaTeX (HO)
 (/usr/local/texlive/2023/texmf-dist/tex/generic/infwarerr/infwarerr.sty
Package: infwarerr 2019/12/03 v1.5 Providing info/warning/error messages (HO)
) (/usr/local/texlive/2023/texmf-dist/tex/generic/iftex/iftex.sty
Package: iftex 2022/02/03 v1.0f TeX engine tests
) (/usr/local/texlive/2023/texmf-dist/tex/generic/ltxcmds/ltxcmds.sty
Package: ltxcmds 2020-05-10 v1.25 LaTeX kernel commands for general use (HO)
)
Package pdftexcmds Info: \pdf@primitive is available.
Package pdftexcmds Info: \pdf@ifprimitive is available.
Package pdftexcmds Info: \pdfdraftmode found.
) (/usr/local/texlive/2023/texmf-dist/tex/latex/etoolbox/etoolbox.sty
Package: etoolbox 2020/10/05 v2.5k e-TeX tools for LaTeX (JAW)
\etb@tempcnta=\count194
) (/usr/local/texlive/2023/texmf-dist/tex/latex/graphics/keyval.sty
Package: keyval 2022/05/29 v1.15 key=value parser (DPC)
\KV@toks@=\toks16
) (/usr/local/texlive/2023/texmf-dist/tex/latex/kvoptions/kvoptions.sty
Package: kvoptions 2022-06-15 v3.15 Key value format for package options (HO)
 (/usr/local/texlive/2023/texmf-dist/tex/latex/kvsetkeys/kvsetkeys.sty
Package: kvsetkeys 2022-10-05 v1.19 Key value parser (HO)
)) (/usr/local/texlive/2023/texmf-dist/tex/latex/logreq/logreq.sty
Package: logreq 2010/08/04 v1.0 xml request logger
\lrq@indent=\count195
 (/usr/local/texlive/2023/texmf-dist/tex/latex/logreq/logreq.def
File: logreq.def 2010/08/04 v1.0 logreq spec v1.0
)) (/usr/local/texlive/2023/texmf-dist/tex/latex/base/ifthen.sty
Package: ifthen 2022/04/13 v1.1d Standard LaTeX ifthen package (DPC)
) (/usr/local/texlive/2023/texmf-dist/tex/latex/url/url.sty
\Urlmuskip=\muskip16
Package: url 2013/09/16  ver 3.4  Verb mode for urls, etc.
)
\c@tabx@nest=\count196
\c@listtotal=\count197
\c@listcount=\count198
\c@liststart=\count199
\c@liststop=\count266
\c@citecount=\count267
\c@citetotal=\count268
\c@multicitecount=\count269
\c@multicitetotal=\count270
\c@instcount=\count271
\c@maxnames=\count272
\c@minnames=\count273
\c@maxitems=\count274
\c@minitems=\count275
\c@citecounter=\count276
\c@maxcitecounter=\count277
\c@savedcitecounter=\count278
\c@uniquelist=\count279
\c@uniquename=\count280
\c@refsection=\count281
\c@refsegment=\count282
\c@maxextratitle=\count283
\c@maxextratitleyear=\count284
\c@maxextraname=\count285
\c@maxextradate=\count286
\c@maxextraalpha=\count287
\c@abbrvpenalty=\count288
\c@highnamepenalty=\count289
\c@lownamepenalty=\count290
\c@maxparens=\count291
\c@parenlevel=\count292
\blx@tempcnta=\count293
\blx@tempcntb=\count294
\blx@tempcntc=\count295
\c@blx@maxsection=\count296
\blx@maxsegment@0=\count297
\blx@notetype=\count298
\blx@parenlevel@text=\count299
\blx@parenlevel@foot=\count300
\blx@sectionciteorder@0=\count301
\blx@sectionciteorderinternal@0=\count302
\blx@entrysetcounter=\count303
\blx@biblioinstance=\count304
\labelnumberwidth=\skip50
\labelalphawidth=\skip51
\biblabelsep=\skip52
\bibitemsep=\skip53
\bibnamesep=\skip54
\bibinitsep=\skip55
\bibparsep=\skip56
\bibhang=\skip57
\blx@bcfin=\read2
\blx@bcfout=\write3
\blx@langwohyphens=\language87
\c@mincomprange=\count305
\c@maxcomprange=\count306
\c@mincompwidth=\count307
Package biblatex Info: Trying to load biblatex default data model...
Package biblatex Info: ... file 'blx-dm.def' found.
 (/usr/local/texlive/2023/texmf-dist/tex/latex/biblatex/blx-dm.def
File: blx-dm.def 2023/03/05 v3.19 biblatex localization (PK/MW)
)
Package biblatex Info: Trying to load biblatex style data model...
Package biblatex Info: ... file 'authoryear.dbx' not found.
Package biblatex Info: Trying to load biblatex custom data model...
Package biblatex Info: ... file 'biblatex-dm.cfg' not found.
\c@afterword=\count308
\c@savedafterword=\count309
\c@annotator=\count310
\c@savedannotator=\count311
\c@author=\count312
\c@savedauthor=\count313
\c@bookauthor=\count314
\c@savedbookauthor=\count315
\c@commentator=\count316
\c@savedcommentator=\count317
\c@editor=\count318
\c@savededitor=\count319
\c@editora=\count320
\c@savededitora=\count321
\c@editorb=\count322
\c@savededitorb=\count323
\c@editorc=\count324
\c@savededitorc=\count325
\c@foreword=\count326
\c@savedforeword=\count327
\c@holder=\count328
\c@savedholder=\count329
\c@introduction=\count330
\c@savedintroduction=\count331
\c@namea=\count332
\c@savednamea=\count333
\c@nameb=\count334
\c@savednameb=\count335
\c@namec=\count336
\c@savednamec=\count337
\c@translator=\count338
\c@savedtranslator=\count339
\c@shortauthor=\count340
\c@savedshortauthor=\count341
\c@shorteditor=\count342
\c@savedshorteditor=\count343
\c@labelname=\count344
\c@savedlabelname=\count345
\c@institution=\count346
\c@savedinstitution=\count347
\c@lista=\count348
\c@savedlista=\count349
\c@listb=\count350
\c@savedlistb=\count351
\c@listc=\count352
\c@savedlistc=\count353
\c@listd=\count354
\c@savedlistd=\count355
\c@liste=\count356
\c@savedliste=\count357
\c@listf=\count358
\c@savedlistf=\count359
\c@location=\count360
\c@savedlocation=\count361
\c@organization=\count362
\c@savedorganization=\count363
\c@origlocation=\count364
\c@savedoriglocation=\count365
\c@origpublisher=\count366
\c@savedorigpublisher=\count367
\c@publisher=\count368
\c@savedpublisher=\count369
\c@language=\count370
\c@savedlanguage=\count371
\c@origlanguage=\count372
\c@savedoriglanguage=\count373
\c@pageref=\count374
\c@savedpageref=\count375
\shorthandwidth=\skip58
\shortjournalwidth=\skip59
\shortserieswidth=\skip60
\shorttitlewidth=\skip61
\shortauthorwidth=\skip62
\shorteditorwidth=\skip63
\locallabelnumberwidth=\skip64
\locallabelalphawidth=\skip65
\localshorthandwidth=\skip66
\localshortjournalwidth=\skip67
\localshortserieswidth=\skip68
\localshorttitlewidth=\skip69
\localshortauthorwidth=\skip70
\localshorteditorwidth=\skip71
Package biblatex Info: Trying to load compatibility code...
Package biblatex Info: ... file 'blx-compat.def' found.
 (/usr/local/texlive/2023/texmf-dist/tex/latex/biblatex/blx-compat.def
File: blx-compat.def 2023/03/05 v3.19 biblatex compatibility (PK/MW)
)
Package biblatex Info: Trying to load generic definitions...
Package biblatex Info: ... file 'biblatex.def' found.
 (/usr/local/texlive/2023/texmf-dist/tex/latex/biblatex/biblatex.def
File: biblatex.def 2023/03/05 v3.19 biblatex compatibility (PK/MW)
\c@textcitecount=\count376
\c@textcitetotal=\count377
\c@textcitemaxnames=\count378
\c@biburlbigbreakpenalty=\count379
\c@biburlbreakpenalty=\count380
\c@biburlnumpenalty=\count381
\c@biburlucpenalty=\count382
\c@biburllcpenalty=\count383
\biburlbigskip=\muskip17
\biburlnumskip=\muskip18
\biburlucskip=\muskip19
\biburllcskip=\muskip20
\c@smartand=\count384
)
Package biblatex Info: Trying to load bibliography style 'authoryear'...
Package biblatex Info: ... file 'authoryear.bbx' found.
 (/usr/local/texlive/2023/texmf-dist/tex/latex/biblatex/bbx/authoryear.bbx
File: authoryear.bbx 2023/03/05 v3.19 biblatex bibliography style (PK/MW)
Package biblatex Info: Trying to load bibliography style 'standard'...
Package biblatex Info: ... file 'standard.bbx' found.
 (/usr/local/texlive/2023/texmf-dist/tex/latex/biblatex/bbx/standard.bbx
File: standard.bbx 2023/03/05 v3.19 biblatex bibliography style (PK/MW)
\c@bbx:relatedcount=\count385
\c@bbx:relatedtotal=\count386
))
Package biblatex Info: Trying to load citation style 'authoryear'...
Package biblatex Info: ... file 'authoryear.cbx' found.
 (/usr/local/texlive/2023/texmf-dist/tex/latex/biblatex/cbx/authoryear.cbx
File: authoryear.cbx 2023/03/05 v3.19 biblatex citation style (PK/MW)
Package biblatex Info: Redefining '\cite'.
Package biblatex Info: Redefining '\parencite'.
Package biblatex Info: Redefining '\footcite'.
Package biblatex Info: Redefining '\footcitetext'.
Package biblatex Info: Redefining '\smartcite'.
Package biblatex Info: Redefining '\textcite'.
Package biblatex Info: Redefining '\textcites'.
)
Package biblatex Info: Trying to load configuration file...
Package biblatex Info: ... file 'biblatex.cfg' found.
 (/usr/local/texlive/2023/texmf-dist/tex/latex/biblatex/biblatex.cfg
File: biblatex.cfg 
)
Package biblatex Info: Input encoding 'utf8' detected.
Package biblatex Info: Document encoding is UTF8 ....
 (/usr/local/texlive/2023/texmf-dist/tex/latex/l3kernel/expl3.sty
Package: expl3 2023-02-22 L3 programming layer (loader) 
 (/usr/local/texlive/2023/texmf-dist/tex/latex/l3backend/l3backend-pdftex.def
File: l3backend-pdftex.def 2023-01-16 L3 backend support: PDF output (pdfTeX)
\l__color_backend_stack_int=\count387
\l__pdf_internal_box=\box51
))
Package biblatex Info: ... and expl3
(biblatex)             2023-02-22 L3 programming layer (loader) 
(biblatex)             is new enough (at least 2020/04/06),
(biblatex)             setting 'casechanger=expl3'.
 (/usr/local/texlive/2023/texmf-dist/tex/latex/biblatex/blx-case-expl3.sty (/usr/local/texlive/2023/texmf-dist/tex/latex/l3packages/xparse/xparse.sty
Package: xparse 2023-02-02 L3 Experimental document command parser
)
Package: blx-case-expl3 2023/03/05 v3.19 expl3 case changing code for biblatex
)) (/usr/local/texlive/2023/texmf-dist/tex/latex/xcolor/xcolor.sty
Package: xcolor 2022/06/12 v2.14 LaTeX color extensions (UK)
 (/usr/local/texlive/2023/texmf-dist/tex/latex/graphics-cfg/color.cfg
File: color.cfg 2016/01/02 v1.6 sample color configuration
)
Package xcolor Info: Driver file: pdftex.def on input line 227.
 (/usr/local/texlive/2023/texmf-dist/tex/latex/graphics-def/pdftex.def
File: pdftex.def 2022/09/22 v1.2b Graphics/color driver for pdftex
) (/usr/local/texlive/2023/texmf-dist/tex/latex/graphics/mathcolor.ltx)
Package xcolor Info: Model `cmy' substituted by `cmy0' on input line 1353.
Package xcolor Info: Model `hsb' substituted by `rgb' on input line 1357.
Package xcolor Info: Model `RGB' extended on input line 1369.
Package xcolor Info: Model `HTML' substituted by `rgb' on input line 1371.
Package xcolor Info: Model `Hsb' substituted by `hsb' on input line 1372.
Package xcolor Info: Model `tHsb' substituted by `hsb' on input line 1373.
Package xcolor Info: Model `HSB' substituted by `hsb' on input line 1374.
Package xcolor Info: Model `Gray' substituted by `gray' on input line 1375.
Package xcolor Info: Model `wave' substituted by `hsb' on input line 1376.
) (/usr/local/texlive/2023/texmf-dist/tex/latex/caption/caption.sty
Package: caption 2023/03/12 v3.6j Customizing captions (AR)
 (/usr/local/texlive/2023/texmf-dist/tex/latex/caption/caption3.sty
Package: caption3 2023/03/12 v2.4 caption3 kernel (AR)
\caption@tempdima=\dimen141
\captionmargin=\dimen142
\caption@leftmargin=\dimen143
\caption@rightmargin=\dimen144
\caption@width=\dimen145
\caption@indent=\dimen146
\caption@parindent=\dimen147
\caption@hangindent=\dimen148
Package caption Info: Standard document class detected.
)
\c@caption@flags=\count388
\c@continuedfloat=\count389
) (/usr/local/texlive/2023/texmf-dist/tex/latex/caption/subcaption.sty
Package: subcaption 2023/02/19 v1.6 Sub-captions (AR)
Package caption Info: New subtype `subfigure' on input line 239.
\c@subfigure=\count390
Package caption Info: New subtype `subtable' on input line 239.
\c@subtable=\count391
) (/usr/local/texlive/2023/texmf-dist/tex/latex/amsmath/amsmath.sty
Package: amsmath 2022/04/08 v2.17n AMS math features
\@mathmargin=\skip72

For additional information on amsmath, use the `?' option.
(/usr/local/texlive/2023/texmf-dist/tex/latex/amsmath/amstext.sty
Package: amstext 2021/08/26 v2.01 AMS text
 (/usr/local/texlive/2023/texmf-dist/tex/latex/amsmath/amsgen.sty
File: amsgen.sty 1999/11/30 v2.0 generic functions
\@emptytoks=\toks17
\ex@=\dimen149
)) (/usr/local/texlive/2023/texmf-dist/tex/latex/amsmath/amsbsy.sty
Package: amsbsy 1999/11/29 v1.2d Bold Symbols
\pmbraise@=\dimen150
) (/usr/local/texlive/2023/texmf-dist/tex/latex/amsmath/amsopn.sty
Package: amsopn 2022/04/08 v2.04 operator names
)
\inf@bad=\count392
LaTeX Info: Redefining \frac on input line 234.
\uproot@=\count393
\leftroot@=\count394
LaTeX Info: Redefining \overline on input line 399.
LaTeX Info: Redefining \colon on input line 410.
\classnum@=\count395
\DOTSCASE@=\count396
LaTeX Info: Redefining \ldots on input line 496.
LaTeX Info: Redefining \dots on input line 499.
LaTeX Info: Redefining \cdots on input line 620.
\Mathstrutbox@=\box52
\strutbox@=\box53
LaTeX Info: Redefining \big on input line 722.
LaTeX Info: Redefining \Big on input line 723.
LaTeX Info: Redefining \bigg on input line 724.
LaTeX Info: Redefining \Bigg on input line 725.
\big@size=\dimen151
LaTeX Font Info:    Redeclaring font encoding OML on input line 743.
LaTeX Font Info:    Redeclaring font encoding OMS on input line 744.
\macc@depth=\count397
LaTeX Info: Redefining \bmod on input line 905.
LaTeX Info: Redefining \pmod on input line 910.
LaTeX Info: Redefining \smash on input line 940.
LaTeX Info: Redefining \relbar on input line 970.
LaTeX Info: Redefining \Relbar on input line 971.
\c@MaxMatrixCols=\count398
\dotsspace@=\muskip21
\c@parentequation=\count399
\dspbrk@lvl=\count400
\tag@help=\toks18
\row@=\count401
\column@=\count402
\maxfields@=\count403
\andhelp@=\toks19
\eqnshift@=\dimen152
\alignsep@=\dimen153
\tagshift@=\dimen154
\tagwidth@=\dimen155
\totwidth@=\dimen156
\lineht@=\dimen157
\@envbody=\toks20
\multlinegap=\skip73
\multlinetaggap=\skip74
\mathdisplay@stack=\toks21
LaTeX Info: Redefining \[ on input line 2953.
LaTeX Info: Redefining \] on input line 2954.
) (/usr/local/texlive/2023/texmf-dist/tex/latex/amsfonts/amssymb.sty
Package: amssymb 2013/01/14 v3.01 AMS font symbols
 (/usr/local/texlive/2023/texmf-dist/tex/latex/amsfonts/amsfonts.sty
Package: amsfonts 2013/01/14 v3.01 Basic AMSFonts support
\symAMSa=\mathgroup4
\symAMSb=\mathgroup5
LaTeX Font Info:    Redeclaring math symbol \hbar on input line 98.
LaTeX Font Info:    Overwriting math alphabet `\mathfrak' in version `bold'
(Font)                  U/euf/m/n --> U/euf/b/n on input line 106.
)) (/usr/local/texlive/2023/texmf-dist/tex/latex/sectsty/sectsty.sty
Package: sectsty 2002/02/25 v2.0.2 Commands to change all sectional heading styles


LaTeX Warning: Command \underbar  has changed.
               Check if current package is valid.


LaTeX Warning: Command \underline  has changed.
               Check if current package is valid.

) (/usr/local/texlive/2023/texmf-dist/tex/latex/booktabs/booktabs.sty
Package: booktabs 2020/01/12 v1.61803398 Publication quality tables
\heavyrulewidth=\dimen158
\lightrulewidth=\dimen159
\cmidrulewidth=\dimen160
\belowrulesep=\dimen161
\belowbottomsep=\dimen162
\aboverulesep=\dimen163
\abovetopsep=\dimen164
\cmidrulesep=\dimen165
\cmidrulekern=\dimen166
\defaultaddspace=\dimen167
\@cmidla=\count404
\@cmidlb=\count405
\@aboverulesep=\dimen168
\@belowrulesep=\dimen169
\@thisruleclass=\count406
\@lastruleclass=\count407
\@thisrulewidth=\dimen170
) (/usr/local/texlive/2023/texmf-dist/tex/latex/hyperref/hyperref.sty
Package: hyperref 2023-02-07 v7.00v Hypertext links for LaTeX
 (/usr/local/texlive/2023/texmf-dist/tex/generic/kvdefinekeys/kvdefinekeys.sty
Package: kvdefinekeys 2019-12-19 v1.6 Define keys (HO)
) (/usr/local/texlive/2023/texmf-dist/tex/generic/pdfescape/pdfescape.sty
Package: pdfescape 2019/12/09 v1.15 Implements pdfTeX's escape features (HO)
) (/usr/local/texlive/2023/texmf-dist/tex/latex/hycolor/hycolor.sty
Package: hycolor 2020-01-27 v1.10 Color options for hyperref/bookmark (HO)
) (/usr/local/texlive/2023/texmf-dist/tex/latex/letltxmacro/letltxmacro.sty
Package: letltxmacro 2019/12/03 v1.6 Let assignment for LaTeX macros (HO)
) (/usr/local/texlive/2023/texmf-dist/tex/latex/auxhook/auxhook.sty
Package: auxhook 2019-12-17 v1.6 Hooks for auxiliary files (HO)
) (/usr/local/texlive/2023/texmf-dist/tex/latex/hyperref/nameref.sty
Package: nameref 2022-05-17 v2.50 Cross-referencing by name of section
 (/usr/local/texlive/2023/texmf-dist/tex/latex/refcount/refcount.sty
Package: refcount 2019/12/15 v3.6 Data extraction from label references (HO)
) (/usr/local/texlive/2023/texmf-dist/tex/generic/gettitlestring/gettitlestring.sty
Package: gettitlestring 2019/12/15 v1.6 Cleanup title references (HO)
)
\c@section@level=\count408
)
\@linkdim=\dimen171
\Hy@linkcounter=\count409
\Hy@pagecounter=\count410
 (/usr/local/texlive/2023/texmf-dist/tex/latex/hyperref/pd1enc.def
File: pd1enc.def 2023-02-07 v7.00v Hyperref: PDFDocEncoding definition (HO)
Now handling font encoding PD1 ...
... no UTF-8 mapping file for font encoding PD1
) (/usr/local/texlive/2023/texmf-dist/tex/generic/intcalc/intcalc.sty
Package: intcalc 2019/12/15 v1.3 Expandable calculations with integers (HO)
) (/usr/local/texlive/2023/texmf-dist/tex/generic/etexcmds/etexcmds.sty
Package: etexcmds 2019/12/15 v1.7 Avoid name clashes with e-TeX commands (HO)
)
\Hy@SavedSpaceFactor=\count411
 (/usr/local/texlive/2023/texmf-dist/tex/latex/hyperref/puenc.def
File: puenc.def 2023-02-07 v7.00v Hyperref: PDF Unicode definition (HO)
Now handling font encoding PU ...
... no UTF-8 mapping file for font encoding PU
)
Package hyperref Info: Hyper figures OFF on input line 4177.
Package hyperref Info: Link nesting OFF on input line 4182.
Package hyperref Info: Hyper index ON on input line 4185.
Package hyperref Info: Plain pages OFF on input line 4192.
Package hyperref Info: Backreferencing OFF on input line 4197.
Package hyperref Info: Implicit mode ON; LaTeX internals redefined.
Package hyperref Info: Bookmarks ON on input line 4425.
\c@Hy@tempcnt=\count412
LaTeX Info: Redefining \url on input line 4763.
\XeTeXLinkMargin=\dimen172
 (/usr/local/texlive/2023/texmf-dist/tex/generic/bitset/bitset.sty
Package: bitset 2019/12/09 v1.3 Handle bit-vector datatype (HO)
 (/usr/local/texlive/2023/texmf-dist/tex/generic/bigintcalc/bigintcalc.sty
Package: bigintcalc 2019/12/15 v1.5 Expandable calculations on big integers (HO)
))
\Fld@menulength=\count413
\Field@Width=\dimen173
\Fld@charsize=\dimen174
Package hyperref Info: Hyper figures OFF on input line 6042.
Package hyperref Info: Link nesting OFF on input line 6047.
Package hyperref Info: Hyper index ON on input line 6050.
Package hyperref Info: backreferencing OFF on input line 6057.
Package hyperref Info: Link coloring OFF on input line 6062.
Package hyperref Info: Link coloring with OCG OFF on input line 6067.
Package hyperref Info: PDF/A mode OFF on input line 6072.
 (/usr/local/texlive/2023/texmf-dist/tex/latex/base/atbegshi-ltx.sty
Package: atbegshi-ltx 2021/01/10 v1.0c Emulation of the original atbegshi
package with kernel methods
)
\Hy@abspage=\count414
\c@Item=\count415
\c@Hfootnote=\count416
)
Package hyperref Info: Driver (autodetected): hpdftex.
 (/usr/local/texlive/2023/texmf-dist/tex/latex/hyperref/hpdftex.def
File: hpdftex.def 2023-02-07 v7.00v Hyperref driver for pdfTeX
 (/usr/local/texlive/2023/texmf-dist/tex/latex/base/atveryend-ltx.sty
Package: atveryend-ltx 2020/08/19 v1.0a Emulation of the original atveryend package
with kernel methods
)
\Fld@listcount=\count417
\c@bookmark@seq@number=\count418
 (/usr/local/texlive/2023/texmf-dist/tex/latex/rerunfilecheck/rerunfilecheck.sty
Package: rerunfilecheck 2022-07-10 v1.10 Rerun checks for auxiliary files (HO)
 (/usr/local/texlive/2023/texmf-dist/tex/generic/uniquecounter/uniquecounter.sty
Package: uniquecounter 2019/12/15 v1.4 Provide unlimited unique counter (HO)
)
Package uniquecounter Info: New unique counter `rerunfilecheck' on input line 285.
)
\Hy@SectionHShift=\skip75
) (/usr/local/texlive/2023/texmf-dist/tex/latex/graphics/graphicx.sty
Package: graphicx 2021/09/16 v1.2d Enhanced LaTeX Graphics (DPC,SPQR)
 (/usr/local/texlive/2023/texmf-dist/tex/latex/graphics/graphics.sty
Package: graphics 2022/03/10 v1.4e Standard LaTeX Graphics (DPC,SPQR)
 (/usr/local/texlive/2023/texmf-dist/tex/latex/graphics/trig.sty
Package: trig 2021/08/11 v1.11 sin cos tan (DPC)
) (/usr/local/texlive/2023/texmf-dist/tex/latex/graphics-cfg/graphics.cfg
File: graphics.cfg 2016/06/04 v1.11 sample graphics configuration
)
Package graphics Info: Driver file: pdftex.def on input line 107.
)
\Gin@req@height=\dimen175
\Gin@req@width=\dimen176
) (/usr/local/texlive/2023/texmf-dist/tex/latex/libertine/biolinum.sty
Package: biolinum 2022/09/12 (Bob Tennent) Supports Biolinum fonts for all LaTeX engines.
 (/usr/local/texlive/2023/texmf-dist/tex/generic/iftex/ifxetex.sty
Package: ifxetex 2019/10/25 v0.7 ifxetex legacy package. Use iftex instead.
) (/usr/local/texlive/2023/texmf-dist/tex/generic/iftex/ifluatex.sty
Package: ifluatex 2019/10/25 v1.5 ifluatex legacy package. Use iftex instead.
) (/usr/local/texlive/2023/texmf-dist/tex/latex/xkeyval/xkeyval.sty
Package: xkeyval 2022/06/16 v2.9 package option processing (HA)
 (/usr/local/texlive/2023/texmf-dist/tex/generic/xkeyval/xkeyval.tex (/usr/local/texlive/2023/texmf-dist/tex/generic/xkeyval/xkvutils.tex
\XKV@toks=\toks22
\XKV@tempa@toks=\toks23
)
\XKV@depth=\count419
File: xkeyval.tex 2014/12/03 v2.7a key=value parser (HA)
)) (/usr/local/texlive/2023/texmf-dist/tex/latex/base/textcomp.sty
Package: textcomp 2020/02/02 v2.0n Standard LaTeX package
) (/usr/local/texlive/2023/texmf-dist/tex/latex/base/fontenc.sty
Package: fontenc 2021/04/29 v2.0v Standard LaTeX package
) (/usr/local/texlive/2023/texmf-dist/tex/latex/fontaxes/fontaxes.sty
Package: fontaxes 2020/07/21 v1.0e Font selection axes
LaTeX Info: Redefining \upshape on input line 29.
LaTeX Info: Redefining \itshape on input line 31.
LaTeX Info: Redefining \slshape on input line 33.
LaTeX Info: Redefining \swshape on input line 35.
LaTeX Info: Redefining \scshape on input line 37.
LaTeX Info: Redefining \sscshape on input line 39.
LaTeX Info: Redefining \ulcshape on input line 41.
LaTeX Info: Redefining \textsw on input line 47.
LaTeX Info: Redefining \textssc on input line 48.
LaTeX Info: Redefining \textulc on input line 49.
)) (/usr/local/texlive/2023/texmf-dist/tex/latex/tex-gyre/tgpagella.sty
Package: tgpagella 2009/09/27 v1.2 TeX Gyre Pagella as default roman family
)
\@quotelevel=\count420
\@quotereset=\count421
LaTeX Font Info:    Trying to load font information for OT1+qpl on input line 140.
 (/usr/local/texlive/2023/texmf-dist/tex/latex/tex-gyre/ot1qpl.fd
File: ot1qpl.fd 2009/09/25 v1.2 font definition file for OT1/qpl
) (./main.aux)
\openout1 = `main.aux'.

LaTeX Font Info:    Checking defaults for OML/cmm/m/it on input line 140.
LaTeX Font Info:    ... okay on input line 140.
LaTeX Font Info:    Checking defaults for OMS/cmsy/m/n on input line 140.
LaTeX Font Info:    ... okay on input line 140.
LaTeX Font Info:    Checking defaults for OT1/cmr/m/n on input line 140.
LaTeX Font Info:    ... okay on input line 140.
LaTeX Font Info:    Checking defaults for T1/cmr/m/n on input line 140.
LaTeX Font Info:    ... okay on input line 140.
LaTeX Font Info:    Checking defaults for TS1/cmr/m/n on input line 140.
LaTeX Font Info:    ... okay on input line 140.
LaTeX Font Info:    Checking defaults for OMX/cmex/m/n on input line 140.
LaTeX Font Info:    ... okay on input line 140.
LaTeX Font Info:    Checking defaults for U/cmr/m/n on input line 140.
LaTeX Font Info:    ... okay on input line 140.
LaTeX Font Info:    Checking defaults for PD1/pdf/m/n on input line 140.
LaTeX Font Info:    ... okay on input line 140.
LaTeX Font Info:    Checking defaults for PU/pdf/m/n on input line 140.
LaTeX Font Info:    ... okay on input line 140.
Package biblatex Info: Trying to load language 'english'...
Package biblatex Info: ... file 'english.lbx' found.
 (/usr/local/texlive/2023/texmf-dist/tex/latex/biblatex/lbx/english.lbx
File: english.lbx 2023/03/05 v3.19 biblatex localization (PK/MW)
)
Package biblatex Info: Input encoding 'utf8' detected.
Package biblatex Info: Automatic encoding selection.
(biblatex)             Assuming data encoding 'utf8'.
\openout3 = `main.bcf'.

Package biblatex Info: Trying to load bibliographic data...
Package biblatex Info: ... file 'main.bbl' not found.

No file main.bbl.
Package biblatex Info: Reference section=0 on input line 140.
Package biblatex Info: Reference segment=0 on input line 140.
(/usr/local/texlive/2023/texmf-dist/tex/context/base/mkii/supp-pdf.mkii
[Loading MPS to PDF converter (version 2006.09.02).]
\scratchcounter=\count422
\scratchdimen=\dimen177
\scratchbox=\box54
\nofMPsegments=\count423
\nofMParguments=\count424
\everyMPshowfont=\toks24
\MPscratchCnt=\count425
\MPscratchDim=\dimen178
\MPnumerator=\count426
\makeMPintoPDFobject=\count427
\everyMPtoPDFconversion=\toks25
) (/usr/local/texlive/2023/texmf-dist/tex/latex/epstopdf-pkg/epstopdf-base.sty
Package: epstopdf-base 2020-01-24 v2.11 Base part for package epstopdf
Package epstopdf-base Info: Redefining graphics rule for `.eps' on input line 485.
 (/usr/local/texlive/2023/texmf-dist/tex/latex/latexconfig/epstopdf-sys.cfg
File: epstopdf-sys.cfg 2010/07/13 v1.3 Configuration of (r)epstopdf for TeX Live
))
Package caption Info: Begin \AtBeginDocument code.
Package caption Info: hyperref package is loaded.
Package caption Info: End \AtBeginDocument code.
Package hyperref Info: Link coloring OFF on input line 140.
\@outlinefile=\write4
\openout4 = `main.out'.

\c@mv@tabular=\count428
\c@mv@boldtabular=\count429

Chapter 1.
LaTeX Font Info:    Trying to load font information for OT1+LinuxBiolinumT-TLF on input line 152.
(/usr/local/texlive/2023/texmf-dist/tex/latex/libertine/OT1LinuxBiolinumT-TLF.fd
File: OT1LinuxBiolinumT-TLF.fd 2017/03/20 (autoinst) Font definitions for OT1/LinuxBiolinumT-TLF.
)
LaTeX Font Info:    Font shape `OT1/LinuxBiolinumT-TLF/b/n' will be
(Font)              scaled to size 24.88pt on input line 152.


LaTeX Warning: File `figures/missing_data_training.pdf' not found on input line 158.


/Users/ailiescu/Library/CloudStorage/OneDrive-UniversityofCambridge/phd-thesis/thesis/group-instance-disentanglement/main.tex:158: Package pdftex.def Error: File `figures/missing_data_training.pdf' not found: using draft setting.

See the pdftex.def package documentation for explanation.
Type  H <return>  for immediate help.
 ...                                              
                                                  
l.158 ...width]{figures/missing_data_training.pdf}
                                                  
Try typing  <return>  to proceed.
If that doesn't work, type  X <return>  to quit.


LaTeX Warning: File `figures/missing_data_np.pdf' not found on input line 165.


/Users/ailiescu/Library/CloudStorage/OneDrive-UniversityofCambridge/phd-thesis/thesis/group-instance-disentanglement/main.tex:165: Package pdftex.def Error: File `figures/missing_data_np.pdf' not found: using draft setting.

See the pdftex.def package documentation for explanation.
Type  H <return>  for immediate help.
 ...                                              
                                                  
l.165 ...=\textwidth]{figures/missing_data_np.pdf}
                                                  
Try typing  <return>  to proceed.
If that doesn't work, type  X <return>  to quit.


LaTeX Warning: File `figures/missing_data_ours.pdf' not found on input line 172.


/Users/ailiescu/Library/CloudStorage/OneDrive-UniversityofCambridge/phd-thesis/thesis/group-instance-disentanglement/main.tex:172: Package pdftex.def Error: File `figures/missing_data_ours.pdf' not found: using draft setting.

See the pdftex.def package documentation for explanation.
Type  H <return>  for immediate help.
 ...                                              
                                                  
l.172 ...textwidth]{figures/missing_data_ours.pdf}
                                                  
Try typing  <return>  to proceed.
If that doesn't work, type  X <return>  to quit.

LaTeX Font Info:    Font shape `OT1/LinuxBiolinumT-TLF/b/n' will be
(Font)              scaled to size 17.28pt on input line 180.
[1


{/usr/local/texlive/2023/texmf-var/fonts/map/pdftex/updmap/pdftex.map}{/usr/local/texlive/2023/texmf-dist/fonts/enc/dvips/libertine/lbtn_edcawa.enc}{/usr/local/texlive/2023/texmf-dist/fonts/enc/dvips/tex-gyre/q-rm.enc}]
LaTeX Font Info:    Font shape `OT1/LinuxBiolinumT-TLF/b/n' will be
(Font)              scaled to size 12.0pt on input line 194.
LaTeX Font Info:    Trying to load font information for U+msa on input line 197.
 (/usr/local/texlive/2023/texmf-dist/tex/latex/amsfonts/umsa.fd
File: umsa.fd 2013/01/14 v3.01 AMS symbols A
)
LaTeX Font Info:    Trying to load font information for U+msb on input line 197.
 (/usr/local/texlive/2023/texmf-dist/tex/latex/amsfonts/umsb.fd
File: umsb.fd 2013/01/14 v3.01 AMS symbols B
)

LaTeX Warning: Citation 'garneloConditionalNeuralProcesses2018' on page 2 undefined on input line 199.

[2]

LaTeX Warning: Reference `fig:pgm_full' on page 3 undefined on input line 202.


LaTeX Warning: Citation 'jafrastehGaussianProcessesMissing2022' on page 3 undefined on input line 204.


LaTeX Warning: Citation 'garneloConditionalNeuralProcesses2018' on page 3 undefined on input line 204.


LaTeX Warning: Reference `fig:pgm_sp' on page 3 undefined on input line 204.


Overfull \hbox (135.67992pt too wide) in paragraph at lines 204--205
\OT1/qpl/m/n/12 im-pute data ([]; []).
 []


LaTeX Warning: Citation 'duBayesianLatentVariable2022' on page 3 undefined on input line 206.


LaTeX Warning: Citation 'jafrastehGaussianProcessesMissing2022' on page 3 undefined on input line 206.


LaTeX Warning: Citation 'lugmayrRePaintInpaintingUsing2022' on page 3 undefined on input line 206.


LaTeX Warning: Citation 'zivotVectorAutoregressiveModels2003' on page 3 undefined on input line 206.


LaTeX Warning: Citation 'maEDDIEfficientDynamic2019' on page 3 undefined on input line 206.


Overfull \hbox (49.8239pt too wide) in paragraph at lines 206--207
\OT1/qpl/m/n/12 on data missing-completely-at-random ([]).
 []


LaTeX Warning: Citation 'duBayesianLatentVariable2022' on page 3 undefined on input line 208.


LaTeX Warning: Citation 'heckmanSampleSelectionBias1977' on page 3 undefined on input line 208.


LaTeX Warning: Reference `fig:pgm_ours' on page 3 undefined on input line 208.


Overfull \hbox (8.47882pt too wide) in paragraph at lines 208--209
\OT1/qpl/m/n/12 con-text and tar-get sets, we model our dataset us-ing a Bayesian latent-variable
 []


Overfull \hbox (16.12796pt too wide) in paragraph at lines 208--209
\OT1/qpl/m/n/12 ([]; []). Each
 []

[3] [4]

LaTeX Warning: Citation 'vadenMultipleImputationMissing2012' on page 5 undefined on input line 227.


LaTeX Warning: Citation 'kadowArtificialIntelligenceReconstructs2020' on page 5 undefined on input line 227.


Overfull \hbox (180.36206pt too wide) in paragraph at lines 227--228
\OT1/qpl/m/n/12 are over-rep-re-sented at cer-tain times, lo-ca-tions, and cli-mates ([]). 
 []


LaTeX Warning: Citation 'schaferMissingDataOur2002' on page 5 undefined on input line 229.


LaTeX Warning: Citation 'azurMultipleImputationChained2011' on page 5 undefined on input line 229.


Overfull \hbox (4.10963pt too wide) in paragraph at lines 229--230
 []\OT1/LinuxBiolinumT-TLF/b/n/12 Challenges.[] \OT1/qpl/m/n/12 Im-pu-ta-tion is dif-fi-cult for two rea-sons: 1) un-pre-dictable miss-
 []


Overfull \hbox (18.8878pt too wide) in paragraph at lines 229--230
\OT1/qpl/m/n/12 cantly mis-matched to the real hold-out pat-tern ([]).
 []

[5]

LaTeX Warning: Citation 'nazabalHandlingIncompleteHeterogeneous2020' on page 6 undefined on input line 239.


LaTeX Warning: Citation 'garneloConditionalNeuralProcesses2018' on page 6 undefined on input line 239.


Overfull \hbox (226.02687pt too wide) in paragraph at lines 239--240
\OT1/qpl/m/n/12 dimensional data be-fore, but un-der a dif-fer-ent prob-a-bilis-tic model ([];
 []


LaTeX Warning: Citation 'ilseAttentionbasedDeepMultiple2018' on page 6 undefined on input line 253.


LaTeX Warning: Citation 'vandenoordNeuralDiscreteRepresentation2017' on page 6 undefined on input line 253.


Overfull \hbox (5.50784pt too wide) in paragraph at lines 253--254
\OT1/qpl/m/n/12 into a fixed-length rep-re-sen-ta-tion ([]).
 []


Overfull \hbox (110.78372pt too wide) in paragraph at lines 253--254
\OT1/qpl/m/n/12 tion are cat-e-gor-i-cal over a fixed set of vec-tors ([]). 
 []

[6]
Overfull \hbox (30.37395pt too wide) detected at line 283
\OT1/cmr/m/n/12 = \U/msb/m/n/12 E[] [] \OMS/cmsy/m/n/12 ^^@ \U/msb/m/n/12 E[][] [] \OMS/cmsy/m/n/12 ^^@ [] []
 []

[7]

LaTeX Warning: Citation 'nowozinFGANTrainingGenerative2016' on page 8 undefined on input line 288.


LaTeX Warning: Citation 'sreekumarNeuralEstimationStatistical2022' on page 8 undefined on input line 288.


Overfull \hbox (111.45195pt too wide) in paragraph at lines 287--289
\OT1/qpl/m/n/12 works ([]; []). 
 []


Overfull \hbox (6.66803pt too wide) in paragraph at lines 290--291
 []\OT1/LinuxBiolinumT-TLF/b/n/12 Imputation al-go-rithm.[] \OT1/qpl/m/n/12 The la-tent rep-re-sen-ta-tion is sam-pled from the prior
 []

LaTeX Font Info:    Font shape `OT1/LinuxBiolinumT-TLF/b/n' will be
(Font)              scaled to size 14.4pt on input line 294.

Overfull \hbox (1.21884pt too wide) in paragraph at lines 296--297
\OT1/qpl/m/n/12 im-pu-ta-tion method is ro-bust to the pat-tern of miss-ing-ness, which is MNAR.
 []

[8]

LaTeX Warning: Citation 'ilseAttentionbasedDeepMultiple2018' on page 9 undefined on input line 300.


Overfull \hbox (4.66766pt too wide) in paragraph at lines 306--307
\OT1/qpl/m/n/12 This sec-tion dis-cusses a con-crete real-world prob-lem where the latent-group
 []


Overfull \hbox (11.1476pt too wide) in paragraph at lines 306--307
\OT1/qpl/m/n/12 model en-ables the frame-work of miss-ing data im-pu-ta-tion to achieve progress.
 []


Overfull \hbox (19.36774pt too wide) in paragraph at lines 306--307
\OT1/qpl/m/n/12 We ad-dress the prob-lem of con-trol-ling gen-er-a-tive mod-els for high-dimensional
 []

[9]
Overfull \hbox (2.89908pt too wide) in paragraph at lines 312--313
 []\OT1/LinuxBiolinumT-TLF/b/n/12 Our so-lu-tion[] \OT1/qpl/m/n/12 We pro-pose to use the frame-work of MDI through the latent-
 []

[10]
Overfull \hbox (9.39255pt too wide) in paragraph at lines 318--319
\OT1/qpl/m/n/12 spar-sity, out-per-form-ing other MDI tech-niques. The ex-per-i-men-tal setup
 []

LaTeX Font Info:    Trying to load font information for TS1+qpl on input line 332.
(/usr/local/texlive/2023/texmf-dist/tex/latex/tex-gyre/ts1qpl.fd
File: ts1qpl.fd 2009/09/25 v1.2 font definition file for TS1/qpl
)

LaTeX Warning: Citation 'lemorvanWhatGoodImputation2021' on page 11 undefined on input line 332.


LaTeX Warning: Citation 'devlinBERTPretrainingDeep2019' on page 11 undefined on input line 333.


Overfull \hbox (50.5185pt too wide) in paragraph at lines 333--334
\OT1/qpl/m/n/12 the to-kens miss-ing com-pletely at ran-dom ([]). 
 []

[11{/usr/local/texlive/2023/texmf-dist/fonts/enc/dvips/tex-gyre/q-ts1.enc}]

LaTeX Warning: Citation 'nazabalHandlingIncompleteHeterogeneous2020' on page 12 undefined on input line 334.


Overfull \hbox (132.51445pt too wide) in paragraph at lines 334--335
\OT1/qpl/m/n/12 con-struc-tion er-ror on the avail-able val-ues ([]). 
 []


LaTeX Warning: Citation 'fortuinGPVAEDeepProbabilistic2020' on page 12 undefined on input line 335.


Overfull \hbox (1.4505pt too wide) in paragraph at lines 335--336
[]\OT1/qpl/m/n/12 Another ap-proach is GP-VAE. The sam-ples are au-toen-coded with con-
 []


LaTeX Warning: Citation 'amatoNovelFrameworkSpatiotemporal2020' on page 12 undefined on input line 336.


Overfull \hbox (175.07741pt too wide) in paragraph at lines 336--337
[]\OT1/qpl/m/n/12 A deep learn-ing frame-work for pre-dict-ing cli-mate data ([]). 
 []


LaTeX Warning: Citation 'maCDSACrossDimensionalSelfAttention2019' on page 12 undefined on input line 337.


Overfull \hbox (120.19052pt too wide) in paragraph at lines 337--338
\OT1/qpl/m/n/12 ta-tion is based on cross-sectional fea-tures ([]). 
 []


LaTeX Warning: Citation 'zerveasTransformerbasedFrameworkMultivariate2021' on page 12 undefined on input line 338.


Overfull \hbox (201.40627pt too wide) in paragraph at lines 338--339
[]\OT1/qpl/m/n/12 Multivariate time-series rep-re-sen-ta-tion learn-ing ([]). 
 []


LaTeX Warning: Citation 'ciniFillingApMultivariate2022' on page 12 undefined on input line 339.


LaTeX Warning: Citation 'kuppannagariSpatioTemporalMissingData2021' on page 12 undefined on input line 339.


Overfull \hbox (163.10222pt too wide) in paragraph at lines 339--340
[]\OT1/qpl/m/n/12 Multivariate time-series im-pu-ta-tion with Graph Neu-ral Net-works ([]).
 []


Overfull \hbox (55.94258pt too wide) in paragraph at lines 339--340
\OT1/qpl/m/n/12 Also found for power-grids ([]). 
 []


LaTeX Warning: Citation 'yangDiffusionModelsComprehensive2022' on page 12 undefined on input line 340.


LaTeX Warning: Citation 'lugmayrRePaintInpaintingUsing2022' on page 12 undefined on input line 340.


LaTeX Warning: Citation 'tashiroCSDIConditionalScorebased2021' on page 12 undefined on input line 340.


Overfull \hbox (164.59035pt too wide) in paragraph at lines 340--341
\OT1/qpl/m/n/12 plied for time-series im-pu-ta-tion and im-age in-paint-ing ([]).
 []


Overfull \hbox (199.10239pt too wide) in paragraph at lines 340--341
\OT1/qpl/m/n/12 step of the dif-fu-sion model is con-di-tioned on the avail-able data ([]). 
 []


LaTeX Warning: Citation 'bonillaMultitaskGaussianProcess' on page 12 undefined on input line 341.


LaTeX Warning: Citation 'jafrastehGaussianProcessesMissing2022' on page 12 undefined on input line 341.


LaTeX Warning: Citation 'yiWhyNotUse2019' on page 12 undefined on input line 342.


LaTeX Warning: Citation 'maEDDIEfficientDynamic2019' on page 12 undefined on input line 343.


Overfull \hbox (17.66656pt too wide) in paragraph at lines 343--344
\OT1/qpl/m/n/12 ac-tive learn-ing ([]). For high-dimensional
 []

[12]

LaTeX Warning: Citation 'garneloConditionalNeuralProcesses2018' on page 13 undefined on input line 344.


LaTeX Warning: Citation 'kimAttentiveNeuralProcesses2019' on page 13 undefined on input line 344.


Overfull \hbox (64.64247pt too wide) in paragraph at lines 344--345
\OT1/qpl/m/n/12 they are dis-tri-bu-tions over func-tions ([]).
 []


LaTeX Warning: Citation 'guEfficientlyModelingLong2022' on page 13 undefined on input line 345.


Overfull \hbox (167.51833pt too wide) in paragraph at lines 345--346
[]\OT1/qpl/m/n/12 Structured state spaces seem in-ter-est-ing for mod-elling se-quences ([]). 
 []


LaTeX Warning: Citation 'ilseAttentionbasedDeepMultiple2018' on page 13 undefined on input line 346.


LaTeX Warning: Citation 'zaheerDeepSets2017' on page 13 undefined on input line 346.


Overfull \hbox (141.53836pt too wide) in paragraph at lines 346--347
\OT1/qpl/m/n/12 re-sen-ta-tion to in-cor-po-rate struc-tures at mul-ti-ple lev-els ([]).
 []

[13]
Overfull \hbox (11.96756pt too wide) in paragraph at lines 374--375
[]\OT1/qpl/b/n/12 Linearity and Sta-tion-ar-ity As-sump-tions\OT1/qpl/m/n/12 : Sim-i-lar to the ARIMA model,
 []

[14]
Overfull \hbox (0.9347pt too wide) in paragraph at lines 376--377
[]\OT1/qpl/b/n/12 Inability to Han-dle Miss-ing-ness Mech-a-nisms be-yond MCAR\OT1/qpl/m/n/12 : VAR,
 []


Overfull \hbox (6.23352pt too wide) in paragraph at lines 376--377
\OT1/qpl/m/n/12 like other time-series meth-ods, might strug-gle with miss-ing-ness mech-
 []


Overfull \hbox (1.2108pt too wide) in paragraph at lines 387--388
[]\OT1/qpl/m/n/12 Now, if we have miss-ing ob-ser-va-tions at a cer-tain time point, the Kalman
 []


Overfull \hbox (3.30363pt too wide) in paragraph at lines 389--390
[]\OT1/qpl/m/n/12 For high-dimensional mul-ti-vari-ate time-series data, this can be ex-tended
 []

[15]
Overfull \hbox (1.38687pt too wide) in paragraph at lines 393--394
\OT1/qpl/m/n/12 with the Kalman fil-ter, can ef-fec-tively han-dle miss-ing data in a large dataset.
 []


Overfull \hbox (7.75693pt too wide) in paragraph at lines 398--399
\OT1/qpl/m/n/12 dle com-plex, dy-namic, and non-lin-ear sys-tems. This makes them highly
 []

[16] [17]
Overfull \hbox (6.41145pt too wide) in paragraph at lines 427--428
 []\OT1/LinuxBiolinumT-TLF/b/n/12 Advantages and Dis-ad-van-tages[] \OT1/qpl/m/n/12 Ad-van-tages of the EM al-go-rithm for miss-
 []


Overfull \hbox (1.74959pt too wide) in paragraph at lines 431--432
[]\OT1/qpl/b/n/12 Handles MAR\OT1/qpl/m/n/12 : EM is ca-pa-ble of han-dling Miss-ing at Ran-dom (MAR)
 []


Overfull \hbox (8.97488pt too wide) in paragraph at lines 446--447
\OT1/qpl/m/n/12 tics used for re-gres-sion and clas-si-fi-ca-tion tasks. It's a flex-i-ble, non-parametric
 []

[18] [19]

LaTeX Warning: Citation 'garneloConditionalNeuralProcesses2018' on page 20 undefined on input line 475.


Overfull \hbox (70.7758pt too wide) in paragraph at lines 475--476
\OT1/qpl/m/n/12 tract do-main knowl-edge from a train-ing set ([]). 
 []

[20]
Overfull \hbox (8.88356pt too wide) in paragraph at lines 490--491
\OT1/qpl/m/n/12 through the dataset vari-able by vari-able. This con-sti-tutes one cy-cle or 'sweep'
 []


Overfull \hbox (9.01402pt too wide) in paragraph at lines 492--493
\OT1/qpl/m/n/12 peated for a num-ber of cy-cles un-til the im-pu-ta-tions con-verge, i.e., the changes
 []

[21]
Overfull \hbox (0.64006pt too wide) in paragraph at lines 507--507
[]\OT1/LinuxBiolinumT-TLF/b/n/17.28 Identifiability of im-pu-ta-tion for data missing-
 []


LaTeX Warning: Citation 'ibrahimMissingDataMethods2009' on page 22 undefined on input line 509.


Overfull \hbox (1.97977pt too wide) in paragraph at lines 509--510
\OT1/qpl/m/n/12 Missing-not-at-random data is not ig-nor-able when train-ing a re-gres-sor with
 []


LaTeX Warning: Citation 'mohanGraphicalModelsInference2013' on page 22 undefined on input line 511.


LaTeX Warning: Citation 'nazabalHandlingIncompleteHeterogeneous2020' on page 22 undefined on input line 513.


Overfull \hbox (60.10785pt too wide) in paragraph at lines 513--514
\OT1/qpl/m/n/12 model for im-put-ing miss-ing data ([]).
 []


LaTeX Warning: Citation 'maIdentifiableGenerativeModels2021' on page 22 undefined on input line 515.


Overfull \hbox (46.30296pt too wide) in paragraph at lines 515--516
\OT1/qpl/m/n/12 work, if you make some as-sump-tions first ([]).
 []

[22]

LaTeX Warning: Citation 'maAdvancesBayesianMachine2022' on page 23 undefined on input line 521.


Overfull \hbox (115.32855pt too wide) in paragraph at lines 521--522
[]\OT1/qpl/m/n/12 Let's check out this dis-ser-ta-tion and con-tact the au-thor ([]). 
 []


LaTeX Warning: Citation 'ghalebikesabiDeepGenerativeMissingness2021' on page 23 undefined on input line 523.


Overfull \hbox (2.4933pt too wide) in paragraph at lines 523--524
 []\OT1/LinuxBiolinumT-TLF/b/n/12 Identifiable im-pu-ta-tion for partially-ignorable miss-ing-ness[] \OT1/qpl/m/n/12 An-other pa-
 []


Overfull \hbox (11.69186pt too wide) in paragraph at lines 523--524
\OT1/qpl/m/n/12 set mix-ture model ([]). Their
 []


LaTeX Warning: Citation 'littleStatisticalAnalysisMissing2002' on page 23 undefined on input line 531.


Overfull \hbox (16.22383pt too wide) in paragraph at lines 531--532
\OT1/qpl/m/n/12 se-lec-tion and pat-tern mix-ture mod-els ([]).
 []


Overfull \hbox (11.27179pt too wide) in paragraph at lines 537--538
\OT1/qpl/m/n/12 data missing-not-at-random. The most ob-vi-ous kind is called self-censorship,
 []


LaTeX Warning: Citation 'wuEstimationComparisonChanges1988' on page 23 undefined on input line 539.


Overfull \hbox (10.77254pt too wide) in paragraph at lines 539--540
[]\OT1/qpl/m/n/12 Another sit-u-a-tion of miss-ing-ness is the so-called shared pa-ram-e-ter model.
 []


Overfull \hbox (94.40372pt too wide) in paragraph at lines 539--540
\OT1/qpl/m/n/12 makes the ob-ser-va-tions in-de-pen-dent of the mask ([]).
 []

[23]

LaTeX Warning: Citation 'rubinInferenceMissingData1976' on page 24 undefined on input line 551.


LaTeX Warning: Citation 'littleStatisticalAnalysisMissing2002' on page 24 undefined on input line 551.


LaTeX Warning: Citation 'maIdentifiableGenerativeModels2021' on page 24 undefined on input line 551.


Overfull \hbox (119.4669pt too wide) in paragraph at lines 551--552
\OT1/qpl/m/n/12 non-ignorable miss-ing-ness, then your es-ti-mate will be bi-ased ([]).
 []


Overfull \hbox (48.77982pt too wide) in paragraph at lines 551--552
\OT1/qpl/m/n/12 dis-tri-bu-tion of the data and the miss-ing-ness ([]).
 []

[24] [25] [26

]

LaTeX Warning: Empty bibliography on input line 580.

(./main.aux)

LaTeX Warning: There were undefined references.


LaTeX Warning: Label(s) may have changed. Rerun to get cross-references right.


Package rerunfilecheck Warning: File `main.out' has changed.
(rerunfilecheck)                Rerun to get outlines right
(rerunfilecheck)                or use package `bookmark'.

Package rerunfilecheck Info: Checksums for `main.out':
(rerunfilecheck)             Before: <no file>
(rerunfilecheck)             After:  D8DEBF341CE592AFF64BBA58C5871904;3524.

Package biblatex Warning: Please (re)run Biber on the file:
(biblatex)                main
(biblatex)                and rerun LaTeX afterwards.

Package logreq Info: Writing requests to 'main.run.xml'.
\openout1 = `main.run.xml'.

 ) 
Here is how much of TeX's memory you used:
 20009 strings out of 476025
 353031 string characters out of 5790017
 1862388 words of memory out of 5000000
 40094 multiletter control sequences out of 15000+600000
 550941 words of font info for 72 fonts, out of 8000000 for 9000
 1141 hyphenation exceptions out of 8191
 63i,12n,68p,1298b,1230s stack positions out of 10000i,1000n,20000p,200000b,200000s
</usr/local/texlive/2023/texmf-dist/fonts/type1/public/libertine/LinBiolinumTB.pfb></usr/local/texlive/2023/texmf-dist/fonts/type1/public/amsfonts/cm/cmbx12.pfb></usr/local/texlive/2023/texmf-dist/fonts/type1/public/amsfonts/cm/cmbx8.pfb></usr/local/texlive/2023/texmf-dist/fonts/type1/public/amsfonts/cm/cmex10.pfb></usr/local/texlive/2023/texmf-dist/fonts/type1/public/amsfonts/cm/cmmi12.pfb></usr/local/texlive/2023/texmf-dist/fonts/type1/public/amsfonts/cm/cmmi6.pfb></usr/local/texlive/2023/texmf-dist/fonts/type1/public/amsfonts/cm/cmmi8.pfb></usr/local/texlive/2023/texmf-dist/fonts/type1/public/amsfonts/cm/cmr12.pfb></usr/local/texlive/2023/texmf-dist/fonts/type1/public/amsfonts/cm/cmr8.pfb></usr/local/texlive/2023/texmf-dist/fonts/type1/public/amsfonts/cm/cmsy10.pfb></usr/local/texlive/2023/texmf-dist/fonts/type1/public/amsfonts/cm/cmsy8.pfb></usr/local/texlive/2023/texmf-dist/fonts/type1/public/amsfonts/cm/cmtt12.pfb></usr/local/texlive/2023/texmf-dist/fonts/type1/public/amsfonts/symbols/msbm10.pfb></usr/local/texlive/2023/texmf-dist/fonts/type1/public/tex-gyre/qplb.pfb></usr/local/texlive/2023/texmf-dist/fonts/type1/public/tex-gyre/qplr.pfb>
Output written on main.pdf (26 pages, 358781 bytes).
PDF statistics:
 303 PDF objects out of 1000 (max. 8388607)
 241 compressed objects within 3 object streams
 108 named destinations out of 1000 (max. 500000)
 1 words of extra memory for PDF output out of 10000 (max. 10000000)

