This is pdfTeX, Version 3.141592653-2.6-1.40.25 (TeX Live 2023) (preloaded format=pdflatex 2024.1.14)  29 APR 2025 10:49
entering extended mode
 restricted \write18 enabled.
 file:line:error style messages enabled.
 %&-line parsing enabled.
**c:/Users/danan/OneDrive/phd-thesis/first-year-report/thesis.tex
(c:/Users/danan/OneDrive/phd-thesis/first-year-report/thesis.tex
LaTeX2e <2023-11-01>
L3 programming layer <2024-01-04>
(./cam-thesis.cls
Document Class: cam-thesis 2012/04/12 University of Cambridge thesis class

***********************************************
***********************************************

(c:/texlive/2023/texmf-dist/tex/latex/base/report.cls
Document Class: report 2023/05/17 v1.4n Standard LaTeX document class
(c:/texlive/2023/texmf-dist/tex/latex/base/size12.clo
File: size12.clo 2023/05/17 v1.4n Standard LaTeX file (size option)
)
\c@part=\count187
\c@chapter=\count188
\c@section=\count189
\c@subsection=\count190
\c@subsubsection=\count191
\c@paragraph=\count192
\c@subparagraph=\count193
\c@figure=\count194
\c@table=\count195
\abovecaptionskip=\skip48
\belowcaptionskip=\skip49
\bibindent=\dimen140
) (c:/texlive/2023/texmf-dist/tex/latex/graphics/graphicx.sty
Package: graphicx 2021/09/16 v1.2d Enhanced LaTeX Graphics (DPC,SPQR)
 (c:/texlive/2023/texmf-dist/tex/latex/graphics/keyval.sty
Package: keyval 2022/05/29 v1.15 key=value parser (DPC)
\KV@toks@=\toks17
) (c:/texlive/2023/texmf-dist/tex/latex/graphics/graphics.sty
Package: graphics 2022/03/10 v1.4e Standard LaTeX Graphics (DPC,SPQR)
 (c:/texlive/2023/texmf-dist/tex/latex/graphics/trig.sty
Package: trig 2021/08/11 v1.11 sin cos tan (DPC)
) (c:/texlive/2023/texmf-dist/tex/latex/graphics-cfg/graphics.cfg
File: graphics.cfg 2016/06/04 v1.11 sample graphics configuration
)
Package graphics Info: Driver file: pdftex.def on input line 107.
 (c:/texlive/2023/texmf-dist/tex/latex/graphics-def/pdftex.def
File: pdftex.def 2022/09/22 v1.2b Graphics/color driver for pdftex
))
\Gin@req@height=\dimen141
\Gin@req@width=\dimen142
) (c:/texlive/2023/texmf-dist/tex/latex/tools/calc.sty
Package: calc 2023/07/08 v4.3 Infix arithmetic (KKT,FJ)
\calc@Acount=\count196
\calc@Bcount=\count197
\calc@Adimen=\dimen143
\calc@Bdimen=\dimen144
\calc@Askip=\skip50
\calc@Bskip=\skip51
LaTeX Info: Redefining \setlength on input line 80.
LaTeX Info: Redefining \addtolength on input line 81.
\calc@Ccount=\count198
\calc@Cskip=\skip52
) (c:/texlive/2023/texmf-dist/tex/latex/setspace/setspace.sty
Package: setspace 2022/12/04 v6.7b set line spacing
) (c:/texlive/2023/texmf-dist/tex/latex/microtype/microtype.sty
Package: microtype 2023/03/13 v3.1a Micro-typographical refinements (RS)
 (c:/texlive/2023/texmf-dist/tex/latex/etoolbox/etoolbox.sty
Package: etoolbox 2020/10/05 v2.5k e-TeX tools for LaTeX (JAW)
\etb@tempcnta=\count199
)
\MT@toks=\toks18
\MT@tempbox=\box51
\MT@count=\count266
LaTeX Info: Redefining \noprotrusionifhmode on input line 1059.
LaTeX Info: Redefining \leftprotrusion on input line 1060.
\MT@prot@toks=\toks19
LaTeX Info: Redefining \rightprotrusion on input line 1078.
LaTeX Info: Redefining \textls on input line 1368.
\MT@outer@kern=\dimen145
LaTeX Info: Redefining \textmicrotypecontext on input line 1988.
\MT@listname@count=\count267
 (c:/texlive/2023/texmf-dist/tex/latex/microtype/microtype-pdftex.def
File: microtype-pdftex.def 2023/03/13 v3.1a Definitions specific to pdftex (RS)
LaTeX Info: Redefining \lsstyle on input line 902.
LaTeX Info: Redefining \lslig on input line 902.
\MT@outer@space=\skip53
)
Package microtype Info: Loading configuration file microtype.cfg.
 (c:/texlive/2023/texmf-dist/tex/latex/microtype/microtype.cfg
File: microtype.cfg 2023/03/13 v3.1a microtype main configuration file (RS)
)) (c:/texlive/2023/texmf-dist/tex/latex/hyperref/hyperref.sty
Package: hyperref 2023-11-26 v7.01g Hypertext links for LaTeX
 (c:/texlive/2023/texmf-dist/tex/generic/iftex/iftex.sty
Package: iftex 2022/02/03 v1.0f TeX engine tests
) (c:/texlive/2023/texmf-dist/tex/generic/infwarerr/infwarerr.sty
Package: infwarerr 2019/12/03 v1.5 Providing info/warning/error messages (HO)
) (c:/texlive/2023/texmf-dist/tex/latex/kvsetkeys/kvsetkeys.sty
Package: kvsetkeys 2022-10-05 v1.19 Key value parser (HO)
) (c:/texlive/2023/texmf-dist/tex/generic/kvdefinekeys/kvdefinekeys.sty
Package: kvdefinekeys 2019-12-19 v1.6 Define keys (HO)
) (c:/texlive/2023/texmf-dist/tex/generic/pdfescape/pdfescape.sty
Package: pdfescape 2019/12/09 v1.15 Implements pdfTeX's escape features (HO)
 (c:/texlive/2023/texmf-dist/tex/generic/ltxcmds/ltxcmds.sty
Package: ltxcmds 2023-12-04 v1.26 LaTeX kernel commands for general use (HO)
) (c:/texlive/2023/texmf-dist/tex/generic/pdftexcmds/pdftexcmds.sty
Package: pdftexcmds 2020-06-27 v0.33 Utility functions of pdfTeX for LuaTeX (HO)
Package pdftexcmds Info: \pdf@primitive is available.
Package pdftexcmds Info: \pdf@ifprimitive is available.
Package pdftexcmds Info: \pdfdraftmode found.
)) (c:/texlive/2023/texmf-dist/tex/latex/hycolor/hycolor.sty
Package: hycolor 2020-01-27 v1.10 Color options for hyperref/bookmark (HO)
) (c:/texlive/2023/texmf-dist/tex/latex/letltxmacro/letltxmacro.sty
Package: letltxmacro 2019/12/03 v1.6 Let assignment for LaTeX macros (HO)
) (c:/texlive/2023/texmf-dist/tex/latex/auxhook/auxhook.sty
Package: auxhook 2019-12-17 v1.6 Hooks for auxiliary files (HO)
) (c:/texlive/2023/texmf-dist/tex/latex/hyperref/nameref.sty
Package: nameref 2023-11-26 v2.56 Cross-referencing by name of section
 (c:/texlive/2023/texmf-dist/tex/latex/refcount/refcount.sty
Package: refcount 2019/12/15 v3.6 Data extraction from label references (HO)
) (c:/texlive/2023/texmf-dist/tex/generic/gettitlestring/gettitlestring.sty
Package: gettitlestring 2019/12/15 v1.6 Cleanup title references (HO)
 (c:/texlive/2023/texmf-dist/tex/latex/kvoptions/kvoptions.sty
Package: kvoptions 2022-06-15 v3.15 Key value format for package options (HO)
))
\c@section@level=\count268
)
\@linkdim=\dimen146
\Hy@linkcounter=\count269
\Hy@pagecounter=\count270
 (c:/texlive/2023/texmf-dist/tex/latex/hyperref/pd1enc.def
File: pd1enc.def 2023-11-26 v7.01g Hyperref: PDFDocEncoding definition (HO)
Now handling font encoding PD1 ...
... no UTF-8 mapping file for font encoding PD1
) (c:/texlive/2023/texmf-dist/tex/generic/intcalc/intcalc.sty
Package: intcalc 2019/12/15 v1.3 Expandable calculations with integers (HO)
)
\Hy@SavedSpaceFactor=\count271
 (c:/texlive/2023/texmf-dist/tex/latex/hyperref/puenc.def
File: puenc.def 2023-11-26 v7.01g Hyperref: PDF Unicode definition (HO)
Now handling font encoding PU ...
... no UTF-8 mapping file for font encoding PU
)
Package hyperref Info: Option `pdffitwindow' set `true' on input line 4064.
Package hyperref Info: Option `pdfpagelabels' set `true' on input line 4064.
Package hyperref Info: Option `colorlinks' set `false' on input line 4064.
Package hyperref Info: Option `pdfusetitle' set `true' on input line 4064.
Package hyperref Info: Hyper figures OFF on input line 4181.
Package hyperref Info: Link nesting OFF on input line 4186.
Package hyperref Info: Hyper index ON on input line 4189.
Package hyperref Info: Plain pages OFF on input line 4196.
Package hyperref Info: Backreferencing OFF on input line 4201.
Package hyperref Info: Implicit mode ON; LaTeX internals redefined.
Package hyperref Info: Bookmarks ON on input line 4448.
\c@Hy@tempcnt=\count272
 (c:/texlive/2023/texmf-dist/tex/latex/url/url.sty
\Urlmuskip=\muskip16
Package: url 2013/09/16  ver 3.4  Verb mode for urls, etc.
)
LaTeX Info: Redefining \url on input line 4786.
\XeTeXLinkMargin=\dimen147
 (c:/texlive/2023/texmf-dist/tex/generic/bitset/bitset.sty
Package: bitset 2019/12/09 v1.3 Handle bit-vector datatype (HO)
 (c:/texlive/2023/texmf-dist/tex/generic/bigintcalc/bigintcalc.sty
Package: bigintcalc 2019/12/15 v1.5 Expandable calculations on big integers (HO)
))
\Fld@menulength=\count273
\Field@Width=\dimen148
\Fld@charsize=\dimen149
Package hyperref Info: Hyper figures OFF on input line 6065.
Package hyperref Info: Link nesting OFF on input line 6070.
Package hyperref Info: Hyper index ON on input line 6073.
Package hyperref Info: backreferencing OFF on input line 6080.
Package hyperref Info: Link coloring OFF on input line 6085.
Package hyperref Info: Link coloring with OCG OFF on input line 6090.
Package hyperref Info: PDF/A mode OFF on input line 6095.
 (c:/texlive/2023/texmf-dist/tex/latex/base/atbegshi-ltx.sty
Package: atbegshi-ltx 2021/01/10 v1.0c Emulation of the original atbegshi
package with kernel methods
)
\Hy@abspage=\count274
\c@Item=\count275
\c@Hfootnote=\count276
)
Package hyperref Info: Driver (autodetected): hpdftex.
 (c:/texlive/2023/texmf-dist/tex/latex/hyperref/hpdftex.def
File: hpdftex.def 2023-11-26 v7.01g Hyperref driver for pdfTeX
 (c:/texlive/2023/texmf-dist/tex/latex/base/atveryend-ltx.sty
Package: atveryend-ltx 2020/08/19 v1.0a Emulation of the original atveryend package
with kernel methods
)
\Fld@listcount=\count277
\c@bookmark@seq@number=\count278
 (c:/texlive/2023/texmf-dist/tex/latex/rerunfilecheck/rerunfilecheck.sty
Package: rerunfilecheck 2022-07-10 v1.10 Rerun checks for auxiliary files (HO)
 (c:/texlive/2023/texmf-dist/tex/generic/uniquecounter/uniquecounter.sty
Package: uniquecounter 2019/12/15 v1.4 Provide unlimited unique counter (HO)
)
Package uniquecounter Info: New unique counter `rerunfilecheck' on input line 285.
)
\Hy@SectionHShift=\skip54
) (c:/texlive/2023/texmf-dist/tex/latex/oberdiek/hypcap.sty
Package: hypcap 2016/05/16 v1.12 Adjusting the anchors of captions (HO)
) (c:/texlive/2023/texmf-dist/tex/latex/base/makeidx.sty
Package: makeidx 2021/10/04 v1.0m Standard LaTeX package
)
\@indexfile=\write3
\openout3 = `thesis.idx'.


Writing index file thesis.idx
(c:/texlive/2023/texmf-dist/tex/latex/glossaries/base/glossaries.sty
Package: glossaries 2023/09/29 v4.53 (NLCT)
 (c:/texlive/2023/texmf-dist/tex/latex/base/ifthen.sty
Package: ifthen 2022/04/13 v1.1d Standard LaTeX ifthen package (DPC)
) (c:/texlive/2023/texmf-dist/tex/latex/xkeyval/xkeyval.sty
Package: xkeyval 2022/06/16 v2.9 package option processing (HA)
 (c:/texlive/2023/texmf-dist/tex/generic/xkeyval/xkeyval.tex (c:/texlive/2023/texmf-dist/tex/generic/xkeyval/xkvutils.tex
\XKV@toks=\toks20
\XKV@tempa@toks=\toks21
)
\XKV@depth=\count279
File: xkeyval.tex 2014/12/03 v2.7a key=value parser (HA)
)) (c:/texlive/2023/texmf-dist/tex/latex/mfirstuc/mfirstuc.sty
Package: mfirstuc 2022/10/14 v2.08 (NLCT)
\@glsmfirst=\toks22
\@glsmrest=\toks23
) (c:/texlive/2023/texmf-dist/tex/latex/xfor/xfor.sty
Package: xfor 2009/02/05 v1.05 (NLCT)
) (c:/texlive/2023/texmf-dist/tex/latex/datatool/datatool-base.sty
Package: datatool-base 2019/09/27 v2.32 (NLCT)
 (c:/texlive/2023/texmf-dist/tex/latex/amsmath/amsmath.sty
Package: amsmath 2023/05/13 v2.17o AMS math features
\@mathmargin=\skip55

For additional information on amsmath, use the `?' option.
(c:/texlive/2023/texmf-dist/tex/latex/amsmath/amstext.sty
Package: amstext 2021/08/26 v2.01 AMS text
 (c:/texlive/2023/texmf-dist/tex/latex/amsmath/amsgen.sty
File: amsgen.sty 1999/11/30 v2.0 generic functions
\@emptytoks=\toks24
\ex@=\dimen150
)) (c:/texlive/2023/texmf-dist/tex/latex/amsmath/amsbsy.sty
Package: amsbsy 1999/11/29 v1.2d Bold Symbols
\pmbraise@=\dimen151
) (c:/texlive/2023/texmf-dist/tex/latex/amsmath/amsopn.sty
Package: amsopn 2022/04/08 v2.04 operator names
)
\inf@bad=\count280
LaTeX Info: Redefining \frac on input line 234.
\uproot@=\count281
\leftroot@=\count282
LaTeX Info: Redefining \overline on input line 399.
LaTeX Info: Redefining \colon on input line 410.
\classnum@=\count283
\DOTSCASE@=\count284
LaTeX Info: Redefining \ldots on input line 496.
LaTeX Info: Redefining \dots on input line 499.
LaTeX Info: Redefining \cdots on input line 620.
\Mathstrutbox@=\box52
\strutbox@=\box53
LaTeX Info: Redefining \big on input line 722.
LaTeX Info: Redefining \Big on input line 723.
LaTeX Info: Redefining \bigg on input line 724.
LaTeX Info: Redefining \Bigg on input line 725.
\big@size=\dimen152
LaTeX Font Info:    Redeclaring font encoding OML on input line 743.
LaTeX Font Info:    Redeclaring font encoding OMS on input line 744.
\macc@depth=\count285
LaTeX Info: Redefining \bmod on input line 905.
LaTeX Info: Redefining \pmod on input line 910.
LaTeX Info: Redefining \smash on input line 940.
LaTeX Info: Redefining \relbar on input line 970.
LaTeX Info: Redefining \Relbar on input line 971.
\c@MaxMatrixCols=\count286
\dotsspace@=\muskip17
\c@parentequation=\count287
\dspbrk@lvl=\count288
\tag@help=\toks25
\row@=\count289
\column@=\count290
\maxfields@=\count291
\andhelp@=\toks26
\eqnshift@=\dimen153
\alignsep@=\dimen154
\tagshift@=\dimen155
\tagwidth@=\dimen156
\totwidth@=\dimen157
\lineht@=\dimen158
\@envbody=\toks27
\multlinegap=\skip56
\multlinetaggap=\skip57
\mathdisplay@stack=\toks28
LaTeX Info: Redefining \[ on input line 2953.
LaTeX Info: Redefining \] on input line 2954.
) (c:/texlive/2023/texmf-dist/tex/latex/substr/substr.sty
Package: substr 2009/10/20 v1.2 Handle substrings
\c@su@anzahl=\count292
) (c:/texlive/2023/texmf-dist/tex/latex/datatool/datatool-fp.sty
Package: datatool-fp 2019/09/27 v2.32 (NLCT)
 (c:/texlive/2023/texmf-dist/tex/latex/fp/fp.sty
Package: fp 1995/04/02
 `Fixed Point Package', Version 0.8, April 2, 1995 (C) Michael Mehlich (c:/texlive/2023/texmf-dist/tex/latex/fp/defpattern.sty
Package: defpattern 1994/10/12
\actioncount=\count293
) (c:/texlive/2023/texmf-dist/tex/latex/fp/fp-basic.sty
Package: fp-basic 1996/05/13
\FP@xs=\count294
\FP@xia=\count295
\FP@xib=\count296
\FP@xfa=\count297
\FP@xfb=\count298
\FP@rega=\count299
\FP@regb=\count300
\FP@regs=\count301
\FP@times=\count302
) (c:/texlive/2023/texmf-dist/tex/latex/fp/fp-addons.sty
Package: fp-addons 1995/03/15
) (c:/texlive/2023/texmf-dist/tex/latex/fp/fp-snap.sty
Package: fp-snap 1995/04/05
) (c:/texlive/2023/texmf-dist/tex/latex/fp/fp-exp.sty
Package: fp-exp 1995/04/03
) (c:/texlive/2023/texmf-dist/tex/latex/fp/fp-trigo.sty
Package: fp-trigo 1995/04/14
) (c:/texlive/2023/texmf-dist/tex/latex/fp/fp-pas.sty
Package: fp-pas 1994/08/29
) (c:/texlive/2023/texmf-dist/tex/latex/fp/fp-random.sty
Package: fp-random 1995/02/23
\FPseed=\count303
) (c:/texlive/2023/texmf-dist/tex/latex/fp/fp-eqn.sty
Package: fp-eqn 1995/04/03
) (c:/texlive/2023/texmf-dist/tex/latex/fp/fp-upn.sty
Package: fp-upn 1996/10/21
) (c:/texlive/2023/texmf-dist/tex/latex/fp/fp-eval.sty
Package: fp-eval 1995/04/03
)))
\@dtl@toks=\toks29
\@dtl@tmpcount=\count304
\dtl@tmplength=\skip58
\dtl@sortresult=\count305
\@dtl@numgrpsepcount=\count306
\@dtl@datatype=\count307
\dtl@codeA=\count308
\dtl@codeB=\count309
\@dtl@foreach@level=\count310
)
\gls@level=\count311
\@gls@tmpb=\toks30
\gls@tmplen=\skip59
\glskeylisttok=\toks31
\glslabeltok=\toks32
\glsshorttok=\toks33
\glslongtok=\toks34
 (c:/texlive/2023/texmf-dist/tex/latex/glossaries/styles/glossary-hypernav.sty
Package: glossary-hypernav 2023/09/29 v4.53 (NLCT)
) (c:/texlive/2023/texmf-dist/tex/latex/glossaries/styles/glossary-list.sty
Package: glossary-list 2023/09/29 v4.53 (NLCT)
\glslistdottedwidth=\skip60
) (c:/texlive/2023/texmf-dist/tex/latex/glossaries/styles/glossary-long.sty
Package: glossary-long 2023/09/29 v4.53 (NLCT)
 (c:/texlive/2023/texmf-dist/tex/latex/tools/longtable.sty
Package: longtable 2023-11-01 v4.19 Multi-page Table package (DPC)
\LTleft=\skip61
\LTright=\skip62
\LTpre=\skip63
\LTpost=\skip64
\LTchunksize=\count312
\LTcapwidth=\dimen159
\LT@head=\box54
\LT@firsthead=\box55
\LT@foot=\box56
\LT@lastfoot=\box57
\LT@gbox=\box58
\LT@cols=\count313
\LT@rows=\count314
\c@LT@tables=\count315
\c@LT@chunks=\count316
\LT@p@ftn=\toks35
)
\glsdescwidth=\skip65
\glspagelistwidth=\skip66
) (c:/texlive/2023/texmf-dist/tex/latex/glossaries/styles/glossary-super.sty
Package: glossary-super 2023/09/29 v4.53 (NLCT)
 (c:/texlive/2023/texmf-dist/tex/latex/supertabular/supertabular.sty
Package: supertabular 2020/02/02 v4.1g the supertabular environment
\c@tracingst=\count317
\ST@wd=\dimen160
\ST@rightskip=\skip67
\ST@leftskip=\skip68
\ST@parfillskip=\skip69
\ST@pageleft=\dimen161
\ST@headht=\dimen162
\ST@tailht=\dimen163
\ST@pagesofar=\dimen164
\ST@pboxht=\dimen165
\ST@lineht=\dimen166
\ST@prevht=\dimen167
\ST@toadd=\dimen168
\ST@dimen=\dimen169
\ST@pbox=\box59
)) (c:/texlive/2023/texmf-dist/tex/latex/glossaries/styles/glossary-tree.sty
Package: glossary-tree 2023/09/29 v4.53 (NLCT)
\glstreeindent=\skip70
))
\glswrite=\write4
\glo@main@file=\write5
\openout5 = `thesis.glo'.

Package glossaries Info: Writing glossary file thesis.glo on input line 160.
\cam@topmargin=\skip71
\cam@bottommargin=\skip72
\cam@oddmargin=\skip73
\cam@evenmargin=\skip74
 (c:/texlive/2023/texmf-dist/tex/latex/psnfss/times.sty
Package: times 2020/03/25 PSNFSS-v9.3 (SPQR) 
)) (c:/texlive/2023/texmf-dist/tex/latex/natbib/natbib.sty
Package: natbib 2010/09/13 8.31b (PWD, AO)
\bibhang=\skip75
\bibsep=\skip76
LaTeX Info: Redefining \cite on input line 694.
\c@NAT@ctr=\count318
) (c:/texlive/2023/texmf-dist/tex/latex/base/inputenc.sty
Package: inputenc 2021/02/14 v1.3d Input encoding file
\inpenc@prehook=\toks36
\inpenc@posthook=\toks37
) (c:/texlive/2023/texmf-dist/tex/latex/base/fontenc.sty
Package: fontenc 2021/04/29 v2.0v Standard LaTeX package
LaTeX Font Info:    Trying to load font information for T1+ptm on input line 112.
 (c:/texlive/2023/texmf-dist/tex/latex/psnfss/t1ptm.fd
File: t1ptm.fd 2001/06/04 font definitions for T1/ptm.
)) (c:/texlive/2023/texmf-dist/tex/latex/booktabs/booktabs.sty
Package: booktabs 2020/01/12 v1.61803398 Publication quality tables
\heavyrulewidth=\dimen170
\lightrulewidth=\dimen171
\cmidrulewidth=\dimen172
\belowrulesep=\dimen173
\belowbottomsep=\dimen174
\aboverulesep=\dimen175
\abovetopsep=\dimen176
\cmidrulesep=\dimen177
\cmidrulekern=\dimen178
\defaultaddspace=\dimen179
\@cmidla=\count319
\@cmidlb=\count320
\@aboverulesep=\dimen180
\@belowrulesep=\dimen181
\@thisruleclass=\count321
\@lastruleclass=\count322
\@thisrulewidth=\dimen182
) (c:/texlive/2023/texmf-dist/tex/latex/amsfonts/amsfonts.sty
Package: amsfonts 2013/01/14 v3.01 Basic AMSFonts support
\symAMSa=\mathgroup4
\symAMSb=\mathgroup5
LaTeX Font Info:    Redeclaring math symbol \hbar on input line 98.
LaTeX Font Info:    Overwriting math alphabet `\mathfrak' in version `bold'
(Font)                  U/euf/m/n --> U/euf/b/n on input line 106.
) (c:/texlive/2023/texmf-dist/tex/latex/units/nicefrac.sty
Package: nicefrac 1998/08/04 v0.9b Nice fractions
\L@UnitsRaiseDisplaystyle=\skip77
\L@UnitsRaiseTextstyle=\skip78
\L@UnitsRaiseScriptstyle=\skip79
) (c:/texlive/2023/texmf-dist/tex/latex/algorithms/algorithm.sty
Package: algorithm 2009/08/24 v0.1 Document Style `algorithm' - floating environment
 (c:/texlive/2023/texmf-dist/tex/latex/float/float.sty
Package: float 2001/11/08 v1.3d Float enhancements (AL)
\c@float@type=\count323
\float@exts=\toks38
\float@box=\box60
\@float@everytoks=\toks39
\@floatcapt=\box61
)
\@float@every@algorithm=\toks40
\c@algorithm=\count324
) (c:/texlive/2023/texmf-dist/tex/latex/algorithms/algorithmic.sty
Package: algorithmic 2009/08/24 v0.1 Document Style `algorithmic'
\c@ALC@unique=\count325
\c@ALC@line=\count326
\c@ALC@rem=\count327
\c@ALC@depth=\count328
\ALC@tlm=\skip80
\algorithmicindent=\skip81
) (c:/texlive/2023/texmf-dist/tex/latex/xcolor/xcolor.sty
Package: xcolor 2023/11/15 v3.01 LaTeX color extensions (UK)
 (c:/texlive/2023/texmf-dist/tex/latex/graphics-cfg/color.cfg
File: color.cfg 2016/01/02 v1.6 sample color configuration
)
Package xcolor Info: Driver file: pdftex.def on input line 274.
 (c:/texlive/2023/texmf-dist/tex/latex/graphics/mathcolor.ltx)
Package xcolor Info: Model `cmy' substituted by `cmy0' on input line 1350.
Package xcolor Info: Model `hsb' substituted by `rgb' on input line 1354.
Package xcolor Info: Model `RGB' extended on input line 1366.
Package xcolor Info: Model `HTML' substituted by `rgb' on input line 1368.
Package xcolor Info: Model `Hsb' substituted by `hsb' on input line 1369.
Package xcolor Info: Model `tHsb' substituted by `hsb' on input line 1370.
Package xcolor Info: Model `HSB' substituted by `hsb' on input line 1371.
Package xcolor Info: Model `Gray' substituted by `gray' on input line 1372.
Package xcolor Info: Model `wave' substituted by `hsb' on input line 1373.
) (c:/texlive/2023/texmf-dist/tex/latex/comment/comment.sty
\CommentStream=\write6
 Excluding comment 'comment') (c:/texlive/2023/texmf-dist/tex/latex/caption/caption.sty
Package: caption 2023/08/05 v3.6o Customizing captions (AR)
 (c:/texlive/2023/texmf-dist/tex/latex/caption/caption3.sty
Package: caption3 2023/07/31 v2.4d caption3 kernel (AR)
\caption@tempdima=\dimen183
\captionmargin=\dimen184
\caption@leftmargin=\dimen185
\caption@rightmargin=\dimen186
\caption@width=\dimen187
\caption@indent=\dimen188
\caption@parindent=\dimen189
\caption@hangindent=\dimen190
Package caption Info: Standard document class detected.
)
\c@caption@flags=\count329
\c@continuedfloat=\count330
Package caption Info: float package is loaded.
Package caption Info: hyperref package is loaded.
Package caption Info: hypcap package is loaded.
Package caption Info: longtable package is loaded.
 (c:/texlive/2023/texmf-dist/tex/latex/caption/ltcaption.sty
Package: ltcaption 2021/01/08 v1.4c longtable captions (AR)
)
Package caption Info: supertabular package is loaded.
) (c:/texlive/2023/texmf-dist/tex/latex/caption/subcaption.sty
Package: subcaption 2023/07/28 v1.6b Sub-captions (AR)
Package caption Info: New subtype `subfigure' on input line 238.
\c@subfigure=\count331
Package caption Info: New subtype `subtable' on input line 238.
\c@subtable=\count332
) (./math_commands.tex (c:/texlive/2023/texmf-dist/tex/latex/tools/bm.sty
Package: bm 2023/07/08 v1.2f Bold Symbol Support (DPC/FMi)
\symboldoperators=\mathgroup6
\symboldletters=\mathgroup7
\symboldsymbols=\mathgroup8
Package bm Info: No bold for \OMX/cmex/m/n, using \pmb.
Package bm Info: No bold for \U/msa/m/n, using \pmb.
Package bm Info: No bold for \U/msb/m/n, using \pmb.
LaTeX Font Info:    Redeclaring math alphabet \mathbf on input line 149.
)
LaTeX Font Info:    Overwriting math alphabet `\mathsfit' in version `bold'
(Font)                  T1/phv/m/sl --> T1/phv/bx/n on input line 314.
) (c:/texlive/2023/texmf-dist/tex/latex/l3backend/l3backend-pdftex.def
File: l3backend-pdftex.def 2024-01-04 L3 backend support: PDF output (pdfTeX)
\l__color_backend_stack_int=\count333
\l__pdf_internal_box=\box62
)
No file thesis.aux.
\openout1 = `thesis.aux'.

LaTeX Font Info:    Checking defaults for OML/cmm/m/it on input line 154.
LaTeX Font Info:    ... okay on input line 154.
LaTeX Font Info:    Checking defaults for OMS/cmsy/m/n on input line 154.
LaTeX Font Info:    ... okay on input line 154.
LaTeX Font Info:    Checking defaults for OT1/cmr/m/n on input line 154.
LaTeX Font Info:    ... okay on input line 154.
LaTeX Font Info:    Checking defaults for T1/cmr/m/n on input line 154.
LaTeX Font Info:    ... okay on input line 154.
LaTeX Font Info:    Checking defaults for TS1/cmr/m/n on input line 154.
LaTeX Font Info:    ... okay on input line 154.
LaTeX Font Info:    Checking defaults for OMX/cmex/m/n on input line 154.
LaTeX Font Info:    ... okay on input line 154.
LaTeX Font Info:    Checking defaults for U/cmr/m/n on input line 154.
LaTeX Font Info:    ... okay on input line 154.
LaTeX Font Info:    Checking defaults for PD1/pdf/m/n on input line 154.
LaTeX Font Info:    ... okay on input line 154.
LaTeX Font Info:    Checking defaults for PU/pdf/m/n on input line 154.
LaTeX Font Info:    ... okay on input line 154.
(c:/texlive/2023/texmf-dist/tex/context/base/mkii/supp-pdf.mkii
[Loading MPS to PDF converter (version 2006.09.02).]
\scratchcounter=\count334
\scratchdimen=\dimen191
\scratchbox=\box63
\nofMPsegments=\count335
\nofMParguments=\count336
\everyMPshowfont=\toks41
\MPscratchCnt=\count337
\MPscratchDim=\dimen192
\MPnumerator=\count338
\makeMPintoPDFobject=\count339
\everyMPtoPDFconversion=\toks42
) (c:/texlive/2023/texmf-dist/tex/latex/epstopdf-pkg/epstopdf-base.sty
Package: epstopdf-base 2020-01-24 v2.11 Base part for package epstopdf
Package epstopdf-base Info: Redefining graphics rule for `.eps' on input line 485.
 (c:/texlive/2023/texmf-dist/tex/latex/latexconfig/epstopdf-sys.cfg
File: epstopdf-sys.cfg 2010/07/13 v1.3 Configuration of (r)epstopdf for TeX Live
))
LaTeX Info: Redefining \microtypecontext on input line 154.
Package microtype Info: Applying patch `item' on input line 154.
Package microtype Info: Applying patch `toc' on input line 154.
Package microtype Info: Applying patch `eqnum' on input line 154.
Package microtype Info: Applying patch `footnote' on input line 154.
Package microtype Info: Applying patch `verbatim' on input line 154.
Package microtype Info: Generating PDF output.
Package microtype Info: Character protrusion enabled (level 2).
Package microtype Info: Using default protrusion set `alltext'.
Package microtype Info: Automatic font expansion enabled (level 2),
(microtype)             stretch: 20, shrink: 20, step: 1, non-selected.
Package microtype Info: Using default expansion set `alltext-nott'.
LaTeX Info: Redefining \showhyphens on input line 154.
Package microtype Info: No adjustment of tracking.
Package microtype Info: No adjustment of interword spacing.
Package microtype Info: No adjustment of character kerning.
 (c:/texlive/2023/texmf-dist/tex/latex/microtype/mt-ptm.cfg
File: mt-ptm.cfg 2006/04/20 v1.7 microtype config. file: Times (RS)
)
Package hyperref Info: Link coloring OFF on input line 154.
\@outlinefile=\write7
\openout7 = `thesis.out'.

Package caption Info: Begin \AtBeginDocument code.
Package caption Info: End \AtBeginDocument code.
\cam@logorightnudge=\skip82
\cam@logo=\box64
<CollegeShields/CUni.pdf, id=4, 330.23375pt x 69.25874pt>
File: CollegeShields/CUni.pdf Graphic file (type pdf)
<use CollegeShields/CUni.pdf>
Package pdftex.def Info: CollegeShields/CUni.pdf  used on input line 161.
(pdftex.def)             Requested size: 207.70511pt x 43.56242pt.
\cam@title=\box65
 (c:/texlive/2023/texmf-dist/tex/latex/microtype/mt-cmr.cfg
File: mt-cmr.cfg 2013/05/19 v2.2 microtype config. file: Computer Modern Roman (RS)
)
LaTeX Font Info:    Trying to load font information for U+msa on input line 161.
 (c:/texlive/2023/texmf-dist/tex/latex/amsfonts/umsa.fd
File: umsa.fd 2013/01/14 v3.01 AMS symbols A
) (c:/texlive/2023/texmf-dist/tex/latex/microtype/mt-msa.cfg
File: mt-msa.cfg 2006/02/04 v1.1 microtype config. file: AMS symbols (a) (RS)
)
LaTeX Font Info:    Trying to load font information for U+msb on input line 161.
 (c:/texlive/2023/texmf-dist/tex/latex/amsfonts/umsb.fd
File: umsb.fd 2013/01/14 v3.01 AMS symbols B
) (c:/texlive/2023/texmf-dist/tex/latex/microtype/mt-msb.cfg
File: mt-msb.cfg 2005/06/01 v1.0 microtype config. file: AMS symbols (b) (RS)
)
\cam@collegeshieldbox=\box66
<CollegeShields/StEdmunds.pdf, id=5, 595.76704pt x 731.12448pt>
File: CollegeShields/StEdmunds.pdf Graphic file (type pdf)
<use CollegeShields/StEdmunds.pdf>
Package pdftex.def Info: CollegeShields/StEdmunds.pdf  used on input line 161.
(pdftex.def)             Requested size: 46.36237pt x 56.9055pt.
\cam@authorcollege=\box67
\cam@submitnotice=\box68
\cam@titlepagevspace=\skip83
 [1

\openout4 = `thesis.ist'.

{c:/texlive/2023/texmf-var/fonts/map/pdftex/updmap/pdftex.map}{c:/texlive/2023/texmf-dist/fonts/enc/dvips/base/8r.enc} <./CollegeShields/CUni.pdf> <./CollegeShields/StEdmunds.pdf>] [2

]
No file thesis.toc.
\tf@toc=\write8
\openout8 = `thesis.toc'.

[3] [4

]
No file thesis.gls.
[5] [6

]
Chapter 1.
<figures/proposed_no.pdf, id=55, 354.36388pt x 190.7928pt>
File: figures/proposed_no.pdf Graphic file (type pdf)
<use figures/proposed_no.pdf>
Package pdftex.def Info: figures/proposed_no.pdf  used on input line 179.
(pdftex.def)             Requested size: 364.19667pt x 196.09662pt.

Underfull \hbox (badness 10000) in paragraph at lines 182--182

 []

[7

]

LaTeX Warning: Reference `fig:proposed' on page 8 undefined on input line 190.


Package natbib Warning: Citation `kingma2013auto' on page 8 undefined on input line 193.


Package natbib Warning: Citation `rezende2014stochastic' on page 8 undefined on input line 193.

[8 <./figures/proposed_no.pdf

pdfTeX warning: pdflatex.exe (file ./figures/proposed_no.pdf): PDF inclusion: invalid other resource which is no dict (key 'ProcSets', type <array>); ignored.
>]

LaTeX Warning: Reference `fig:proposed' on page 9 undefined on input line 195.


LaTeX Warning: Reference `chapter:grouped' on page 9 undefined on input line 200.


LaTeX Warning: Reference `chapter:next' on page 9 undefined on input line 200.

[9] [10]
Chapter 2.

Package natbib Warning: Citation `bengio2013representation' on page 11 undefined on input line 224.


Package natbib Warning: Citation `locatello2019challenging' on page 11 undefined on input line 226.


Package natbib Warning: Citation `bengio2013representation' on page 11 undefined on input line 226.


Package natbib Warning: Citation `higgins2018towards' on page 11 undefined on input line 226.


Package natbib Warning: Citation `tschannen2018recent' on page 11 undefined on input line 226.


Package natbib Warning: Citation `ver2014discovering' on page 11 undefined on input line 228.


Package natbib Warning: Citation `kim2018disentangling' on page 11 undefined on input line 228.


Package natbib Warning: Citation `chen2018isolating' on page 11 undefined on input line 228.


Package natbib Warning: Citation `kumar2017variational' on page 11 undefined on input line 228.


Package natbib Warning: Citation `mathieu2019disentangling' on page 11 undefined on input line 228.


Package natbib Warning: Citation `tolstikhin2017wasserstein' on page 11 undefined on input line 228.


Package natbib Warning: Citation `makhzani2015adversarial' on page 11 undefined on input line 228.


Package natbib Warning: Citation `higgins2016beta' on page 11 undefined on input line 228.


Package natbib Warning: Citation `kim2017learning' on page 11 undefined on input line 228.


Package natbib Warning: Citation `locatello2019challenging' on page 11 undefined on input line 228.

[11

]

Package natbib Warning: Citation `tishby2000information' on page 12 undefined on input line 234.


Package natbib Warning: Citation `cover1999elements' on page 12 undefined on input line 234.


Package natbib Warning: Citation `tishby2000information' on page 12 undefined on input line 243.


Package natbib Warning: Citation `bahadur1954sufficiency' on page 12 undefined on input line 248.


LaTeX Warning: Reference `fig:nuisance' on page 12 undefined on input line 248.

[12]

Package natbib Warning: Citation `tishby2015deep' on page 13 undefined on input line 250.


Package natbib Warning: Citation `shwartz2017opening' on page 13 undefined on input line 250.


Package natbib Warning: Citation `achille2018emergence' on page 13 undefined on input line 250.


Package natbib Warning: Citation `achille2018emergence' on page 13 undefined on input line 250.


Package natbib Warning: Citation `cover1999elements' on page 13 undefined on input line 250.


Package natbib Warning: Citation `mathieu2019disentangling' on page 13 undefined on input line 255.


Package natbib Warning: Citation `bengio2013representation' on page 13 undefined on input line 255.


Package natbib Warning: Citation `bruna2013invariant' on page 13 undefined on input line 255.


Package natbib Warning: Citation `alemi2016deep' on page 13 undefined on input line 257.


Package natbib Warning: Citation `burgess2018understanding' on page 13 undefined on input line 257.


Package natbib Warning: Citation `alemi2018fixing' on page 13 undefined on input line 257.


Package natbib Warning: Citation `higgins2016beta' on page 13 undefined on input line 257.


Package natbib Warning: Citation `alemi2016deep' on page 13 undefined on input line 257.

<figures/nuisance.pdf, id=126, 432.65637pt x 123.5817pt>
File: figures/nuisance.pdf Graphic file (type pdf)
<use figures/nuisance.pdf>
Package pdftex.def Info: figures/nuisance.pdf  used on input line 268.
(pdftex.def)             Requested size: 455.24411pt x 130.04178pt.

Package natbib Warning: Citation `tishby2000information' on page 13 undefined on input line 269.


Package natbib Warning: Citation `achille2018emergence' on page 13 undefined on input line 269.


Package natbib Warning: Citation `achille2018emergence' on page 13 undefined on input line 269.


Package natbib Warning: Citation `tishby2000information' on page 13 undefined on input line 269.


Package natbib Warning: Citation `achille2018emergence' on page 13 undefined on input line 269.


Package natbib Warning: Citation `achille2018emergence' on page 13 undefined on input line 269.


Package natbib Warning: Citation `gibson2014ecological' on page 13 undefined on input line 273.


Package natbib Warning: Citation `dodwell1983lie' on page 13 undefined on input line 273.


Package natbib Warning: Citation `sundaramoorthi2009set' on page 13 undefined on input line 273.


Package natbib Warning: Citation `anselmi2016invariance' on page 13 undefined on input line 273.


Package natbib Warning: Citation `soatto2014visual' on page 13 undefined on input line 275.


Package natbib Warning: Citation `achille2018emergence' on page 13 undefined on input line 275.


Package natbib Warning: Citation `achille2018emergence' on page 13 undefined on input line 275.


LaTeX Warning: Reference `fig:nuisance' on page 13 undefined on input line 275.

[13]

Package natbib Warning: Citation `cover1999elements' on page 14 undefined on input line 280.


Package natbib Warning: Citation `zemel2013learning' on page 14 undefined on input line 287.


Package natbib Warning: Citation `hardt2016equality' on page 14 undefined on input line 287.


Package natbib Warning: Citation `louizos2016variational' on page 14 undefined on input line 287.


Package natbib Warning: Citation `louizos2016variational' on page 14 undefined on input line 287.


Package natbib Warning: Citation `gretton2007kernel' on page 14 undefined on input line 287.


Package natbib Warning: Citation `peters2016causal' on page 14 undefined on input line 289.


Package natbib Warning: Citation `arjovsky2019invariant' on page 14 undefined on input line 289.


Package natbib Warning: Citation `pearl2009causality' on page 14 undefined on input line 289.


Package natbib Warning: Citation `magliacane2018domain' on page 14 undefined on input line 289.


Package natbib Warning: Citation `arjovsky2019invariant' on page 14 undefined on input line 289.

[14 <./figures/nuisance.pdf

pdfTeX warning: pdflatex.exe (file ./figures/nuisance.pdf): PDF inclusion: invalid other resource which is no dict (key 'ProcSets', type <array>); ignored.
>]

LaTeX Warning: Reference `fig:nuisance' on page 15 undefined on input line 293.


Package natbib Warning: Citation `cover1999elements' on page 15 undefined on input line 293.


Package natbib Warning: Citation `fraser1986independent' on page 15 undefined on input line 303.


Package natbib Warning: Citation `grassberger1988finite' on page 15 undefined on input line 303.


Package natbib Warning: Citation `kraskov2004estimating' on page 15 undefined on input line 305.


Package natbib Warning: Citation `houthooft2016vime' on page 15 undefined on input line 307.


Package natbib Warning: Citation `alemi2016deep' on page 15 undefined on input line 307.

[15]

Package natbib Warning: Citation `sugiyama2012density' on page 16 undefined on input line 313.


Package natbib Warning: Citation `mescheder2017adversarial' on page 16 undefined on input line 313.


Package natbib Warning: Citation `goodfellow2014generative' on page 16 undefined on input line 313.


Package natbib Warning: Citation `nowozin2016f' on page 16 undefined on input line 313.


Package natbib Warning: Citation `nguyen2010estimating' on page 16 undefined on input line 313.


Package natbib Warning: Citation `donsker1983asymptotic' on page 16 undefined on input line 313.


Package natbib Warning: Citation `belghazi2018mutual' on page 16 undefined on input line 318.


Package natbib Warning: Citation `hjelm2018learning' on page 16 undefined on input line 323.


Package natbib Warning: Citation `kim2018disentangling' on page 16 undefined on input line 323.


Package natbib Warning: Citation `watanabe1960information' on page 16 undefined on input line 323.

<figures/bayes_shared_private.pdf, id=165, 458.67358pt x 218.7372pt>
File: figures/bayes_shared_private.pdf Graphic file (type pdf)
<use figures/bayes_shared_private.pdf>
Package pdftex.def Info: figures/bayes_shared_private.pdf  used on input line 330.
(pdftex.def)             Requested size: 455.24411pt x 217.10786pt.

LaTeX Warning: Reference `sec:notation' on page 16 undefined on input line 331.


Package natbib Warning: Citation `klami2013bayesian' on page 16 undefined on input line 331.


Package natbib Warning: Citation `damianou2016multi' on page 16 undefined on input line 331.


LaTeX Warning: Reference `sec:notation' on page 16 undefined on input line 331.


Package natbib Warning: Citation `klami2013bayesian' on page 16 undefined on input line 331.


Package natbib Warning: Citation `damianou2016multi' on page 16 undefined on input line 331.


Underfull \hbox (badness 10000) in paragraph at lines 331--331

 []


Package natbib Warning: Citation `hotelling1992relations' on page 16 undefined on input line 335.


Package natbib Warning: Citation `hardoon2004canonical' on page 16 undefined on input line 335.


Package natbib Warning: Citation `tipping1999probabilistic' on page 16 undefined on input line 337.


Package natbib Warning: Citation `bach2005probabilistic' on page 16 undefined on input line 337.

[16] [17 <./figures/bayes_shared_private.pdf

pdfTeX warning: pdflatex.exe (file ./figures/bayes_shared_private.pdf): PDF inclusion: invalid other resource which is no dict (key 'ProcSets', type <array>); ignored.
>]

Package natbib Warning: Citation `klami2013bayesian' on page 18 undefined on input line 341.


Package natbib Warning: Citation `tucker1958inter' on page 18 undefined on input line 341.


Package natbib Warning: Citation `browne1979maximum' on page 18 undefined on input line 341.


Package natbib Warning: Citation `ghahramani2000variational' on page 18 undefined on input line 341.


Package natbib Warning: Citation `damianou2016multi' on page 18 undefined on input line 354.


Package natbib Warning: Citation `lawrence2004gaussian' on page 18 undefined on input line 354.


Package natbib Warning: Citation `ek2008gp' on page 18 undefined on input line 354.

[18]

Package natbib Warning: Citation `shon2006learning' on page 19 undefined on input line 356.


Package natbib Warning: Citation `peters2016causal' on page 19 undefined on input line 356.


Package natbib Warning: Citation `arjovsky2019invariant' on page 19 undefined on input line 356.


Package natbib Warning: Citation `gonzalez2018image' on page 19 undefined on input line 359.


Package natbib Warning: Citation `damianou2016multi' on page 19 undefined on input line 363.


LaTeX Warning: Reference `fig:bayes_shared_private' on page 19 undefined on input line 363.

[19]

Package natbib Warning: Citation `ben2010theory' on page 20 undefined on input line 367.


Package natbib Warning: Citation `ben2010theory' on page 20 undefined on input line 373.


Package natbib Warning: Citation `ganin2015unsupervised' on page 20 undefined on input line 375.


Package natbib Warning: Citation `ganin2016domain' on page 20 undefined on input line 375.


Package natbib Warning: Citation `goodfellow2014generative' on page 20 undefined on input line 375.


Package natbib Warning: Citation `sohn2018unsupervised' on page 20 undefined on input line 375.

[20]

Package natbib Warning: Citation `magliacane2018domain' on page 21 undefined on input line 377.


Package natbib Warning: Citation `galanti2018role' on page 21 undefined on input line 379.


Package natbib Warning: Citation `galanti2018generalization' on page 21 undefined on input line 379.


Package natbib Warning: Citation `zhu2017unpaired' on page 21 undefined on input line 381.


Package natbib Warning: Citation `liu2017unsupervised' on page 21 undefined on input line 381.


Package natbib Warning: Citation `royer2020xgan' on page 21 undefined on input line 381.


Package natbib Warning: Citation `lee2018diverse' on page 21 undefined on input line 381.


Package natbib Warning: Citation `mirza2014conditional' on page 21 undefined on input line 381.


Package natbib Warning: Citation `taigman2016unsupervised' on page 21 undefined on input line 381.


Package natbib Warning: Citation `liu2017unsupervised' on page 21 undefined on input line 381.


Package natbib Warning: Citation `huang2018multimodal' on page 21 undefined on input line 381.


Package natbib Warning: Citation `choi2018stargan' on page 21 undefined on input line 381.


Package natbib Warning: Citation `royer2020xgan' on page 21 undefined on input line 381.


Package natbib Warning: Citation `taigman2016unsupervised' on page 21 undefined on input line 381.


Package natbib Warning: Citation `royer2020xgan' on page 21 undefined on input line 381.


Package natbib Warning: Citation `liu2019few' on page 21 undefined on input line 381.


Package natbib Warning: Citation `huang2018multimodal' on page 21 undefined on input line 381.


Package natbib Warning: Citation `lee2018diverse' on page 21 undefined on input line 381.


Package natbib Warning: Citation `benaim2018one' on page 21 undefined on input line 381.


Package natbib Warning: Citation `ronneberger2015u' on page 21 undefined on input line 381.


Package natbib Warning: Citation `gatys2015neural' on page 21 undefined on input line 385.


Package natbib Warning: Citation `gatys2016image' on page 21 undefined on input line 385.


Package natbib Warning: Citation `sirovich1987low' on page 21 undefined on input line 387.


Package natbib Warning: Citation `tenenbaum2000separating' on page 21 undefined on input line 387.


Package natbib Warning: Citation `vasilescu2002multilinear' on page 21 undefined on input line 387.

[21]

Package natbib Warning: Citation `taigman2016unsupervised' on page 22 undefined on input line 389.


Package natbib Warning: Citation `zhu2017unpaired' on page 22 undefined on input line 389.


Package natbib Warning: Citation `liu2017unsupervised' on page 22 undefined on input line 389.


Package natbib Warning: Citation `ulyanov2018deep' on page 22 undefined on input line 389.


Package natbib Warning: Citation `huang2017arbitrary' on page 22 undefined on input line 389.


Package natbib Warning: Citation `karras2019style' on page 22 undefined on input line 389.


Package natbib Warning: Citation `wang2019few' on page 22 undefined on input line 391.


Package natbib Warning: Citation `liu2019few' on page 22 undefined on input line 391.

<figures/duck-rabbit.png, id=221, 2055.68pt x 1541.76pt>
File: figures/duck-rabbit.png Graphic file (type png)
<use figures/duck-rabbit.png>
Package pdftex.def Info: figures/duck-rabbit.png  used on input line 398.
(pdftex.def)             Requested size: 227.62206pt x 170.69981pt.
<figures/bayes_net_new.pdf, id=222, 548.0475pt x 341.35529pt>
File: figures/bayes_net_new.pdf Graphic file (type pdf)
<use figures/bayes_net_new.pdf>
Package pdftex.def Info: figures/bayes_net_new.pdf  used on input line 406.
(pdftex.def)             Requested size: 455.24411pt x 283.55919pt.

Package natbib Warning: Citation `bouchacourt2017multi' on page 22 undefined on input line 408.


Package natbib Warning: Citation `esser2019unsupervised' on page 22 undefined on input line 408.


Package natbib Warning: Citation `bouchacourt2017multi' on page 22 undefined on input line 408.


Package natbib Warning: Citation `esser2019unsupervised' on page 22 undefined on input line 408.

<figures/mo_inference.pdf, id=223, 722.7pt x 722.7pt>
File: figures/mo_inference.pdf Graphic file (type pdf)
<use figures/mo_inference.pdf>
Package pdftex.def Info: figures/mo_inference.pdf  used on input line 415.
(pdftex.def)             Requested size: 455.24411pt x 455.24826pt.
c:/Users/danan/OneDrive/phd-thesis/first-year-report/thesis.tex:417: Undefined control sequence.
<argument> ... {U}(0, 2)$ respectively. $\epislon 
                                                  $ is noise sampled from $\...
l.417     }
           
The control sequence at the end of the top line
of your error message was never \def'ed. If you have
misspelled it (e.g., `\hobx'), type `I' and the correct
spelling (e.g., `I\hbox'). Otherwise just continue,
and I'll forget about whatever was undefined.


Package natbib Warning: Citation `esser2019unsupervised' on page 22 undefined on input line 417.

c:/Users/danan/OneDrive/phd-thesis/first-year-report/thesis.tex:417: Undefined control sequence.
<recently read> \epislon 
                         
l.417     }
           
The control sequence at the end of the top line
of your error message was never \def'ed. If you have
misspelled it (e.g., `\hobx'), type `I' and the correct
spelling (e.g., `I\hbox'). Otherwise just continue,
and I'll forget about whatever was undefined.


Package natbib Warning: Citation `esser2019unsupervised' on page 22 undefined on input line 417.

c:/Users/danan/OneDrive/phd-thesis/first-year-report/thesis.tex:417: Undefined control sequence.
<recently read> \epislon 
                         
l.417     }
           
The control sequence at the end of the top line
of your error message was never \def'ed. If you have
misspelled it (e.g., `\hobx'), type `I' and the correct
spelling (e.g., `I\hbox'). Otherwise just continue,
and I'll forget about whatever was undefined.


Underfull \hbox (badness 10000) in paragraph at lines 417--417

 []


LaTeX Warning: Float too large for page by 20.34607pt on input line 419.


LaTeX Warning: Reference `fig:duck' on page 22 undefined on input line 421.

[22] [23 <./figures/duck-rabbit.png> <./figures/bayes_net_new.pdf

pdfTeX warning: pdflatex.exe (file ./figures/bayes_net_new.pdf): PDF inclusion: invalid other resource which is no dict (key 'ProcSets', type <array>); ignored.
>] [24 <./figures/mo_inference.pdf>]

LaTeX Warning: Reference `fig:bayes_shared_private' on page 25 undefined on input line 425.


LaTeX Warning: Reference `fig:bayes_context' on page 25 undefined on input line 429.


Package natbib Warning: Citation `kingma2013auto' on page 25 undefined on input line 429.


Package natbib Warning: Citation `rezende2014stochastic' on page 25 undefined on input line 429.


Package natbib Warning: Citation `zaheer2017deep' on page 25 undefined on input line 429.


Package natbib Warning: Citation `ganin2016domain' on page 25 undefined on input line 435.


Package natbib Warning: Citation `sohn2018unsupervised' on page 25 undefined on input line 435.


LaTeX Warning: Reference `appendix' on page 25 undefined on input line 435.


LaTeX Warning: Reference `fig:mo_inference' on page 25 undefined on input line 435.

<figures/funit.pdf, id=15453, 857.82985pt x 291.33844pt>
File: figures/funit.pdf Graphic file (type pdf)
<use figures/funit.pdf>
Package pdftex.def Info: figures/funit.pdf  used on input line 441.
(pdftex.def)             Requested size: 455.24411pt x 154.61311pt.

Package natbib Warning: Citation `liu2019few' on page 25 undefined on input line 442.


Package natbib Warning: Citation `liu2019few' on page 25 undefined on input line 442.

<figures/pack_size.pdf, id=15454, 690.22406pt x 291.08746pt>
File: figures/pack_size.pdf Graphic file (type pdf)
<use figures/pack_size.pdf>
Package pdftex.def Info: figures/pack_size.pdf  used on input line 448.
(pdftex.def)             Requested size: 364.19667pt x 153.5916pt.
[25] [26 <./figures/funit.pdf> <./figures/pack_size.pdf

pdfTeX warning: pdflatex.exe (file ./figures/pack_size.pdf): PDF inclusion: multiple pdfs with page group included in a single page
>]

LaTeX Warning: Reference `fig:pack' on page 27 undefined on input line 455.


Package natbib Warning: Citation `liu2019few' on page 27 undefined on input line 455.


LaTeX Warning: Reference `tab:pred' on page 27 undefined on input line 457.


Package natbib Warning: Citation `liu2019few' on page 27 undefined on input line 465.


Package natbib Warning: Citation `kim2018disentangling' on page 27 undefined on input line 467.


Package natbib Warning: Citation `kingma2013auto' on page 27 undefined on input line 467.


Overfull \hbox (6.189pt too wide) in paragraph at lines 463--473
 [][] 
 []

[27] [28

]
Chapter 3.

Package natbib Warning: Citation `luo2019significance' on page 29 undefined on input line 484.


LaTeX Warning: Reference `eq:content_bottle' on page 29 undefined on input line 484.


Package natbib Warning: Citation `burgess2018understanding' on page 29 undefined on input line 489.


Package natbib Warning: Citation `alemi2018fixing' on page 29 undefined on input line 489.


Package natbib Warning: Citation `belghazi2018mutual' on page 29 undefined on input line 495.

[29]

Package natbib Warning: Citation `lawrence2004gaussian' on page 30 undefined on input line 497.


Package natbib Warning: Citation `peters2016causal' on page 30 undefined on input line 497.


Package natbib Warning: Citation `magliacane2018domain' on page 30 undefined on input line 497.


Package natbib Warning: Citation `arjovsky2019invariant' on page 30 undefined on input line 497.


Package natbib Warning: Citation `cootes1999comparing' on page 30 undefined on input line 501.


Package natbib Warning: Citation `jojic2003epitomic' on page 30 undefined on input line 501.


Package natbib Warning: Citation `kannan2007clustering' on page 30 undefined on input line 501.


Package natbib Warning: Citation `eslami2016attend' on page 30 undefined on input line 501.


Package natbib Warning: Citation `greff2016tagger' on page 30 undefined on input line 501.


Package natbib Warning: Citation `hong2018learning' on page 30 undefined on input line 511.


Package natbib Warning: Citation `bau2019semantic' on page 30 undefined on input line 511.


Package natbib Warning: Citation `park2019semantic' on page 30 undefined on input line 511.


Package natbib Warning: Citation `liu2020decompose' on page 30 undefined on input line 511.


Package natbib Warning: Citation `heusel2017gans' on page 30 undefined on input line 511.

[30]

Package natbib Warning: Citation `bau2019semantic' on page 31 undefined on input line 513.


Package natbib Warning: Citation `yu2015lsun' on page 31 undefined on input line 513.


Package natbib Warning: Citation `johnson2017clevr' on page 31 undefined on input line 513.


Package natbib Warning: Citation `lin2014microsoft' on page 31 undefined on input line 515.


Package natbib Warning: Citation `cordts2016cityscapes' on page 31 undefined on input line 515.


Package natbib Warning: Citation `belghazi2018mutual' on page 31 undefined on input line 515.


LaTeX Warning: Reference `tab:timetable' on page 31 undefined on input line 521.


Package natbib Warning: Citation `liu2019few' on page 31 undefined on input line 529.


Overfull \hbox (14.89316pt too wide) in paragraph at lines 527--542
 [][] 
 []

[31] [32] (./thesis.bbl)
Appendix A.

Package natbib Warning: There were undefined citations.

[33


] (./thesis.aux)
 ***********
LaTeX2e <2023-11-01>
L3 programming layer <2024-01-04>
 ***********


LaTeX Warning: There were undefined references.


LaTeX Warning: Label(s) may have changed. Rerun to get cross-references right.


Package rerunfilecheck Warning: File `thesis.out' has changed.
(rerunfilecheck)                Rerun to get outlines right
(rerunfilecheck)                or use package `bookmark'.

Package rerunfilecheck Info: Checksums for `thesis.out':
(rerunfilecheck)             Before: <no file>
(rerunfilecheck)             After:  99F2D5DFE3473F4BF84DD8E4E57EA821;4167.
 ) 
Here is how much of TeX's memory you used:
 19340 strings out of 474166
 304369 string characters out of 5749518
 1938528 words of memory out of 5000000
 40949 multiletter control sequences out of 15000+600000
 609749 words of font info for 257 fonts, out of 8000000 for 9000
 1141 hyphenation exceptions out of 8191
 109i,18n,117p,2399b,581s stack positions out of 10000i,1000n,20000p,200000b,200000s
<c:/texlive/2023/texmf-dist/fonts/type1/public/amsfonts/cm/cmbx12.pfb><c:/texlive/2023/texmf-dist/fonts/type1/public/amsfonts/cm/cmbx8.pfb><c:/texlive/2023/texmf-dist/fonts/type1/public/amsfonts/cm/cmex10.pfb><c:/texlive/2023/texmf-dist/fonts/type1/public/amsfonts/cm/cmmi12.pfb><c:/texlive/2023/texmf-dist/fonts/type1/public/amsfonts/cm/cmmi6.pfb><c:/texlive/2023/texmf-dist/fonts/type1/public/amsfonts/cm/cmmi8.pfb><c:/texlive/2023/texmf-dist/fonts/type1/public/amsfonts/cm/cmr12.pfb><c:/texlive/2023/texmf-dist/fonts/type1/public/amsfonts/cm/cmr8.pfb><c:/texlive/2023/texmf-dist/fonts/type1/public/amsfonts/cm/cmsy10.pfb><c:/texlive/2023/texmf-dist/fonts/type1/public/amsfonts/cm/cmsy8.pfb><c:/texlive/2023/texmf-dist/fonts/type1/public/amsfonts/symbols/msbm10.pfb><c:/texlive/2023/texmf-dist/fonts/type1/public/tex-gyre/qhvr.pfb><c:/texlive/2023/texmf-dist/fonts/type1/urw/times/utmb8a.pfb><c:/texlive/2023/texmf-dist/fonts/type1/urw/times/utmr8a.pfb><c:/texlive/2023/texmf-dist/fonts/type1/urw/times/utmr8a.pfb><c:/texlive/2023/texmf-dist/fonts/type1/urw/times/utmri8a.pfb>
Output written on thesis.pdf (33 pages, 15336857 bytes).
PDF statistics:
 15625 PDF objects out of 18468 (max. 8388607)
 10392 compressed objects within 104 object streams
 99 named destinations out of 1000 (max. 500000)
 50227 words of extra memory for PDF output out of 51595 (max. 10000000)

