This is pdfTeX, Version 3.141592653-2.6-1.40.25 (TeX Live 2023) (preloaded format=pdflatex 2024.1.14)  3 MAY 2025 20:31
entering extended mode
 restricted \write18 enabled.
 file:line:error style messages enabled.
 %&-line parsing enabled.
**c:/Users/danan/OneDrive/phd-thesis/thesis/chapter-4-missing-data-imputation/main.tex
(c:/Users/danan/OneDrive/phd-thesis/thesis/chapter-4-missing-data-imputation/main.tex
LaTeX2e <2023-11-01>
L3 programming layer <2024-01-04>
(c:/texlive/2023/texmf-dist/tex/latex/subfiles/subfiles.cls
Document Class: subfiles 2020/11/14 v2.2 Multi-file projects (class)
Preamble taken from file `../thesis.tex'
(c:/texlive/2023/texmf-dist/tex/latex/import/import.sty
Package: import 2020/04/01  v 6.2
) (chapter-4-missing-data-imputation/../thesis.tex (./cam-thesis.cls
Document Class: cam-thesis 2012/04/12 University of Cambridge thesis class

***********************************************
***********************************************

(c:/texlive/2023/texmf-dist/tex/latex/base/report.cls
Document Class: report 2023/05/17 v1.4n Standard LaTeX document class
(c:/texlive/2023/texmf-dist/tex/latex/base/size12.clo
File: size12.clo 2023/05/17 v1.4n Standard LaTeX file (size option)
)
\c@part=\count187
\c@chapter=\count188
\c@section=\count189
\c@subsection=\count190
\c@subsubsection=\count191
\c@paragraph=\count192
\c@subparagraph=\count193
\c@figure=\count194
\c@table=\count195
\abovecaptionskip=\skip48
\belowcaptionskip=\skip49
\bibindent=\dimen140
) (c:/texlive/2023/texmf-dist/tex/latex/graphics/graphicx.sty
Package: graphicx 2021/09/16 v1.2d Enhanced LaTeX Graphics (DPC,SPQR)
 (c:/texlive/2023/texmf-dist/tex/latex/graphics/keyval.sty
Package: keyval 2022/05/29 v1.15 key=value parser (DPC)
\KV@toks@=\toks17
) (c:/texlive/2023/texmf-dist/tex/latex/graphics/graphics.sty
Package: graphics 2022/03/10 v1.4e Standard LaTeX Graphics (DPC,SPQR)
 (c:/texlive/2023/texmf-dist/tex/latex/graphics/trig.sty
Package: trig 2021/08/11 v1.11 sin cos tan (DPC)
) (c:/texlive/2023/texmf-dist/tex/latex/graphics-cfg/graphics.cfg
File: graphics.cfg 2016/06/04 v1.11 sample graphics configuration
)
Package graphics Info: Driver file: pdftex.def on input line 107.
 (c:/texlive/2023/texmf-dist/tex/latex/graphics-def/pdftex.def
File: pdftex.def 2022/09/22 v1.2b Graphics/color driver for pdftex
))
\Gin@req@height=\dimen141
\Gin@req@width=\dimen142
) (c:/texlive/2023/texmf-dist/tex/latex/tools/calc.sty
Package: calc 2023/07/08 v4.3 Infix arithmetic (KKT,FJ)
\calc@Acount=\count196
\calc@Bcount=\count197
\calc@Adimen=\dimen143
\calc@Bdimen=\dimen144
\calc@Askip=\skip50
\calc@Bskip=\skip51
LaTeX Info: Redefining \setlength on input line 80.
LaTeX Info: Redefining \addtolength on input line 81.
\calc@Ccount=\count198
\calc@Cskip=\skip52
) (c:/texlive/2023/texmf-dist/tex/latex/setspace/setspace.sty
Package: setspace 2022/12/04 v6.7b set line spacing
) (c:/texlive/2023/texmf-dist/tex/latex/microtype/microtype.sty
Package: microtype 2023/03/13 v3.1a Micro-typographical refinements (RS)
 (c:/texlive/2023/texmf-dist/tex/latex/etoolbox/etoolbox.sty
Package: etoolbox 2020/10/05 v2.5k e-TeX tools for LaTeX (JAW)
\etb@tempcnta=\count199
)
\MT@toks=\toks18
\MT@tempbox=\box51
\MT@count=\count266
LaTeX Info: Redefining \noprotrusionifhmode on input line 1059.
LaTeX Info: Redefining \leftprotrusion on input line 1060.
\MT@prot@toks=\toks19
LaTeX Info: Redefining \rightprotrusion on input line 1078.
LaTeX Info: Redefining \textls on input line 1368.
\MT@outer@kern=\dimen145
LaTeX Info: Redefining \textmicrotypecontext on input line 1988.
\MT@listname@count=\count267
 (c:/texlive/2023/texmf-dist/tex/latex/microtype/microtype-pdftex.def
File: microtype-pdftex.def 2023/03/13 v3.1a Definitions specific to pdftex (RS)
LaTeX Info: Redefining \lsstyle on input line 902.
LaTeX Info: Redefining \lslig on input line 902.
\MT@outer@space=\skip53
)
Package microtype Info: Loading configuration file microtype.cfg.
 (c:/texlive/2023/texmf-dist/tex/latex/microtype/microtype.cfg
File: microtype.cfg 2023/03/13 v3.1a microtype main configuration file (RS)
)) (c:/texlive/2023/texmf-dist/tex/latex/hyperref/hyperref.sty
Package: hyperref 2023-11-26 v7.01g Hypertext links for LaTeX
 (c:/texlive/2023/texmf-dist/tex/generic/iftex/iftex.sty
Package: iftex 2022/02/03 v1.0f TeX engine tests
) (c:/texlive/2023/texmf-dist/tex/generic/infwarerr/infwarerr.sty
Package: infwarerr 2019/12/03 v1.5 Providing info/warning/error messages (HO)
) (c:/texlive/2023/texmf-dist/tex/latex/kvsetkeys/kvsetkeys.sty
Package: kvsetkeys 2022-10-05 v1.19 Key value parser (HO)
) (c:/texlive/2023/texmf-dist/tex/generic/kvdefinekeys/kvdefinekeys.sty
Package: kvdefinekeys 2019-12-19 v1.6 Define keys (HO)
) (c:/texlive/2023/texmf-dist/tex/generic/pdfescape/pdfescape.sty
Package: pdfescape 2019/12/09 v1.15 Implements pdfTeX's escape features (HO)
 (c:/texlive/2023/texmf-dist/tex/generic/ltxcmds/ltxcmds.sty
Package: ltxcmds 2023-12-04 v1.26 LaTeX kernel commands for general use (HO)
) (c:/texlive/2023/texmf-dist/tex/generic/pdftexcmds/pdftexcmds.sty
Package: pdftexcmds 2020-06-27 v0.33 Utility functions of pdfTeX for LuaTeX (HO)
Package pdftexcmds Info: \pdf@primitive is available.
Package pdftexcmds Info: \pdf@ifprimitive is available.
Package pdftexcmds Info: \pdfdraftmode found.
)) (c:/texlive/2023/texmf-dist/tex/latex/hycolor/hycolor.sty
Package: hycolor 2020-01-27 v1.10 Color options for hyperref/bookmark (HO)
) (c:/texlive/2023/texmf-dist/tex/latex/letltxmacro/letltxmacro.sty
Package: letltxmacro 2019/12/03 v1.6 Let assignment for LaTeX macros (HO)
) (c:/texlive/2023/texmf-dist/tex/latex/auxhook/auxhook.sty
Package: auxhook 2019-12-17 v1.6 Hooks for auxiliary files (HO)
) (c:/texlive/2023/texmf-dist/tex/latex/hyperref/nameref.sty
Package: nameref 2023-11-26 v2.56 Cross-referencing by name of section
 (c:/texlive/2023/texmf-dist/tex/latex/refcount/refcount.sty
Package: refcount 2019/12/15 v3.6 Data extraction from label references (HO)
) (c:/texlive/2023/texmf-dist/tex/generic/gettitlestring/gettitlestring.sty
Package: gettitlestring 2019/12/15 v1.6 Cleanup title references (HO)
 (c:/texlive/2023/texmf-dist/tex/latex/kvoptions/kvoptions.sty
Package: kvoptions 2022-06-15 v3.15 Key value format for package options (HO)
))
\c@section@level=\count268
)
\@linkdim=\dimen146
\Hy@linkcounter=\count269
\Hy@pagecounter=\count270
 (c:/texlive/2023/texmf-dist/tex/latex/hyperref/pd1enc.def
File: pd1enc.def 2023-11-26 v7.01g Hyperref: PDFDocEncoding definition (HO)
Now handling font encoding PD1 ...
... no UTF-8 mapping file for font encoding PD1
) (c:/texlive/2023/texmf-dist/tex/generic/intcalc/intcalc.sty
Package: intcalc 2019/12/15 v1.3 Expandable calculations with integers (HO)
)
\Hy@SavedSpaceFactor=\count271
 (c:/texlive/2023/texmf-dist/tex/latex/hyperref/puenc.def
File: puenc.def 2023-11-26 v7.01g Hyperref: PDF Unicode definition (HO)
Now handling font encoding PU ...
... no UTF-8 mapping file for font encoding PU
)
Package hyperref Info: Option `pdffitwindow' set `true' on input line 4064.
Package hyperref Info: Option `pdfpagelabels' set `true' on input line 4064.
Package hyperref Info: Option `colorlinks' set `false' on input line 4064.
Package hyperref Info: Option `pdfusetitle' set `true' on input line 4064.
Package hyperref Info: Hyper figures OFF on input line 4181.
Package hyperref Info: Link nesting OFF on input line 4186.
Package hyperref Info: Hyper index ON on input line 4189.
Package hyperref Info: Plain pages OFF on input line 4196.
Package hyperref Info: Backreferencing OFF on input line 4201.
Package hyperref Info: Implicit mode ON; LaTeX internals redefined.
Package hyperref Info: Bookmarks ON on input line 4448.
\c@Hy@tempcnt=\count272
 (c:/texlive/2023/texmf-dist/tex/latex/url/url.sty
\Urlmuskip=\muskip16
Package: url 2013/09/16  ver 3.4  Verb mode for urls, etc.
)
LaTeX Info: Redefining \url on input line 4786.
\XeTeXLinkMargin=\dimen147
 (c:/texlive/2023/texmf-dist/tex/generic/bitset/bitset.sty
Package: bitset 2019/12/09 v1.3 Handle bit-vector datatype (HO)
 (c:/texlive/2023/texmf-dist/tex/generic/bigintcalc/bigintcalc.sty
Package: bigintcalc 2019/12/15 v1.5 Expandable calculations on big integers (HO)
))
\Fld@menulength=\count273
\Field@Width=\dimen148
\Fld@charsize=\dimen149
Package hyperref Info: Hyper figures OFF on input line 6065.
Package hyperref Info: Link nesting OFF on input line 6070.
Package hyperref Info: Hyper index ON on input line 6073.
Package hyperref Info: backreferencing OFF on input line 6080.
Package hyperref Info: Link coloring OFF on input line 6085.
Package hyperref Info: Link coloring with OCG OFF on input line 6090.
Package hyperref Info: PDF/A mode OFF on input line 6095.
 (c:/texlive/2023/texmf-dist/tex/latex/base/atbegshi-ltx.sty
Package: atbegshi-ltx 2021/01/10 v1.0c Emulation of the original atbegshi
package with kernel methods
)
\Hy@abspage=\count274
\c@Item=\count275
\c@Hfootnote=\count276
)
Package hyperref Info: Driver (autodetected): hpdftex.
 (c:/texlive/2023/texmf-dist/tex/latex/hyperref/hpdftex.def
File: hpdftex.def 2023-11-26 v7.01g Hyperref driver for pdfTeX
 (c:/texlive/2023/texmf-dist/tex/latex/base/atveryend-ltx.sty
Package: atveryend-ltx 2020/08/19 v1.0a Emulation of the original atveryend package
with kernel methods
)
\Fld@listcount=\count277
\c@bookmark@seq@number=\count278
 (c:/texlive/2023/texmf-dist/tex/latex/rerunfilecheck/rerunfilecheck.sty
Package: rerunfilecheck 2022-07-10 v1.10 Rerun checks for auxiliary files (HO)
 (c:/texlive/2023/texmf-dist/tex/generic/uniquecounter/uniquecounter.sty
Package: uniquecounter 2019/12/15 v1.4 Provide unlimited unique counter (HO)
)
Package uniquecounter Info: New unique counter `rerunfilecheck' on input line 285.
)
\Hy@SectionHShift=\skip54
) (c:/texlive/2023/texmf-dist/tex/latex/oberdiek/hypcap.sty
Package: hypcap 2016/05/16 v1.12 Adjusting the anchors of captions (HO)
)
\cam@topmargin=\skip55
\cam@bottommargin=\skip56
\cam@oddmargin=\skip57
\cam@evenmargin=\skip58
 (c:/texlive/2023/texmf-dist/tex/latex/hyperref/backref.sty
Package: backref 2023-11-26 v1.44 Bibliographical back referencing
)) (c:/texlive/2023/texmf-dist/tex/latex/natbib/natbib.sty
Package: natbib 2010/09/13 8.31b (PWD, AO)
\bibhang=\skip59
\bibsep=\skip60
LaTeX Info: Redefining \cite on input line 694.
\c@NAT@ctr=\count279
) (c:/texlive/2023/texmf-dist/tex/latex/xcolor/xcolor.sty
Package: xcolor 2023/11/15 v3.01 LaTeX color extensions (UK)
 (c:/texlive/2023/texmf-dist/tex/latex/graphics-cfg/color.cfg
File: color.cfg 2016/01/02 v1.6 sample color configuration
)
Package xcolor Info: Driver file: pdftex.def on input line 274.
 (c:/texlive/2023/texmf-dist/tex/latex/graphics/mathcolor.ltx)
Package xcolor Info: Model `cmy' substituted by `cmy0' on input line 1350.
Package xcolor Info: Model `hsb' substituted by `rgb' on input line 1354.
Package xcolor Info: Model `RGB' extended on input line 1366.
Package xcolor Info: Model `HTML' substituted by `rgb' on input line 1368.
Package xcolor Info: Model `Hsb' substituted by `hsb' on input line 1369.
Package xcolor Info: Model `tHsb' substituted by `hsb' on input line 1370.
Package xcolor Info: Model `HSB' substituted by `hsb' on input line 1371.
Package xcolor Info: Model `Gray' substituted by `gray' on input line 1372.
Package xcolor Info: Model `wave' substituted by `hsb' on input line 1373.
) (c:/texlive/2023/texmf-dist/tex/latex/caption/caption.sty
Package: caption 2023/08/05 v3.6o Customizing captions (AR)
 (c:/texlive/2023/texmf-dist/tex/latex/caption/caption3.sty
Package: caption3 2023/07/31 v2.4d caption3 kernel (AR)
\caption@tempdima=\dimen150
\captionmargin=\dimen151
\caption@leftmargin=\dimen152
\caption@rightmargin=\dimen153
\caption@width=\dimen154
\caption@indent=\dimen155
\caption@parindent=\dimen156
\caption@hangindent=\dimen157
Package caption Info: Standard document class detected.
)
\c@caption@flags=\count280
\c@continuedfloat=\count281
Package caption Info: hyperref package is loaded.
Package caption Info: hypcap package is loaded.
) (c:/texlive/2023/texmf-dist/tex/latex/caption/subcaption.sty
Package: subcaption 2023/07/28 v1.6b Sub-captions (AR)
Package caption Info: New subtype `subfigure' on input line 238.
\c@subfigure=\count282
Package caption Info: New subtype `subtable' on input line 238.
\c@subtable=\count283
) (c:/texlive/2023/texmf-dist/tex/latex/amsmath/amsmath.sty
Package: amsmath 2023/05/13 v2.17o AMS math features
\@mathmargin=\skip61

For additional information on amsmath, use the `?' option.
(c:/texlive/2023/texmf-dist/tex/latex/amsmath/amstext.sty
Package: amstext 2021/08/26 v2.01 AMS text
 (c:/texlive/2023/texmf-dist/tex/latex/amsmath/amsgen.sty
File: amsgen.sty 1999/11/30 v2.0 generic functions
\@emptytoks=\toks20
\ex@=\dimen158
)) (c:/texlive/2023/texmf-dist/tex/latex/amsmath/amsbsy.sty
Package: amsbsy 1999/11/29 v1.2d Bold Symbols
\pmbraise@=\dimen159
) (c:/texlive/2023/texmf-dist/tex/latex/amsmath/amsopn.sty
Package: amsopn 2022/04/08 v2.04 operator names
)
\inf@bad=\count284
LaTeX Info: Redefining \frac on input line 234.
\uproot@=\count285
\leftroot@=\count286
LaTeX Info: Redefining \overline on input line 399.
LaTeX Info: Redefining \colon on input line 410.
\classnum@=\count287
\DOTSCASE@=\count288
LaTeX Info: Redefining \ldots on input line 496.
LaTeX Info: Redefining \dots on input line 499.
LaTeX Info: Redefining \cdots on input line 620.
\Mathstrutbox@=\box52
\strutbox@=\box53
LaTeX Info: Redefining \big on input line 722.
LaTeX Info: Redefining \Big on input line 723.
LaTeX Info: Redefining \bigg on input line 724.
LaTeX Info: Redefining \Bigg on input line 725.
\big@size=\dimen160
LaTeX Font Info:    Redeclaring font encoding OML on input line 743.
LaTeX Font Info:    Redeclaring font encoding OMS on input line 744.
\macc@depth=\count289
LaTeX Info: Redefining \bmod on input line 905.
LaTeX Info: Redefining \pmod on input line 910.
LaTeX Info: Redefining \smash on input line 940.
LaTeX Info: Redefining \relbar on input line 970.
LaTeX Info: Redefining \Relbar on input line 971.
\c@MaxMatrixCols=\count290
\dotsspace@=\muskip17
\c@parentequation=\count291
\dspbrk@lvl=\count292
\tag@help=\toks21
\row@=\count293
\column@=\count294
\maxfields@=\count295
\andhelp@=\toks22
\eqnshift@=\dimen161
\alignsep@=\dimen162
\tagshift@=\dimen163
\tagwidth@=\dimen164
\totwidth@=\dimen165
\lineht@=\dimen166
\@envbody=\toks23
\multlinegap=\skip62
\multlinetaggap=\skip63
\mathdisplay@stack=\toks24
LaTeX Info: Redefining \[ on input line 2953.
LaTeX Info: Redefining \] on input line 2954.
) (c:/texlive/2023/texmf-dist/tex/latex/amsfonts/amssymb.sty
Package: amssymb 2013/01/14 v3.01 AMS font symbols
 (c:/texlive/2023/texmf-dist/tex/latex/amsfonts/amsfonts.sty
Package: amsfonts 2013/01/14 v3.01 Basic AMSFonts support
\symAMSa=\mathgroup4
\symAMSb=\mathgroup5
LaTeX Font Info:    Redeclaring math symbol \hbar on input line 98.
LaTeX Font Info:    Overwriting math alphabet `\mathfrak' in version `bold'
(Font)                  U/euf/m/n --> U/euf/b/n on input line 106.
)) (c:/texlive/2023/texmf-dist/tex/latex/sectsty/sectsty.sty
Package: sectsty 2002/02/25 v2.0.2 Commands to change all sectional heading styles


LaTeX Warning: Command \underbar  has changed.
               Check if current package is valid.


LaTeX Warning: Command \underline  has changed.
               Check if current package is valid.

) (c:/texlive/2023/texmf-dist/tex/latex/booktabs/booktabs.sty
Package: booktabs 2020/01/12 v1.61803398 Publication quality tables
\heavyrulewidth=\dimen167
\lightrulewidth=\dimen168
\cmidrulewidth=\dimen169
\belowrulesep=\dimen170
\belowbottomsep=\dimen171
\aboverulesep=\dimen172
\abovetopsep=\dimen173
\cmidrulesep=\dimen174
\cmidrulekern=\dimen175
\defaultaddspace=\dimen176
\@cmidla=\count296
\@cmidlb=\count297
\@aboverulesep=\dimen177
\@belowrulesep=\dimen178
\@thisruleclass=\count298
\@lastruleclass=\count299
\@thisrulewidth=\dimen179
) (c:/texlive/2023/texmf-dist/tex/latex/tools/bm.sty
Package: bm 2023/07/08 v1.2f Bold Symbol Support (DPC/FMi)
\symboldoperators=\mathgroup6
\symboldletters=\mathgroup7
\symboldsymbols=\mathgroup8
Package bm Info: No bold for \OMX/cmex/m/n, using \pmb.
Package bm Info: No bold for \U/msa/m/n, using \pmb.
Package bm Info: No bold for \U/msb/m/n, using \pmb.
LaTeX Font Info:    Redeclaring math alphabet \mathbf on input line 149.
) (c:/texlive/2023/texmf-dist/tex/latex/pdflscape/pdflscape.sty
Package: pdflscape 2022-10-27 v0.13 Display of landscape pages in PDF
 (c:/texlive/2023/texmf-dist/tex/latex/pdflscape/pdflscape-nometadata.sty
Package: pdflscape-nometadata 2022-10-28 v0.13 Display of landscape pages in PDF (HO)
 (c:/texlive/2023/texmf-dist/tex/latex/graphics/lscape.sty
Package: lscape 2020/05/28 v3.02 Landscape Pages (DPC)
)
Package pdflscape Info: Auto-detected driver: pdftex on input line 81.
)) (c:/texlive/2023/texmf-dist/tex/latex/tools/afterpage.sty
Package: afterpage 2023/07/04 v1.08 After-Page Package (DPC)
\AP@output=\toks25
\AP@partial=\box54
\AP@footins=\box55
) (c:/texlive/2023/texmf-dist/tex/latex/tools/tabularx.sty
Package: tabularx 2023/07/08 v2.11c `tabularx' package (DPC)
 (c:/texlive/2023/texmf-dist/tex/latex/tools/array.sty
Package: array 2023/10/16 v2.5g Tabular extension package (FMi)
\col@sep=\dimen180
\ar@mcellbox=\box56
\extrarowheight=\dimen181
\NC@list=\toks26
\extratabsurround=\skip64
\backup@length=\skip65
\ar@cellbox=\box57
)
\TX@col@width=\dimen182
\TX@old@table=\dimen183
\TX@old@col=\dimen184
\TX@target=\dimen185
\TX@delta=\dimen186
\TX@cols=\count300
\TX@ftn=\toks27
) (c:/texlive/2023/texmf-dist/tex/latex/subfiles/subfiles.sty
Package: subfiles 2020/11/14 v2.2 Multi-file projects (package)
) (c:/texlive/2023/texmf-dist/tex/latex/epigraph/epigraph.sty
Package: epigraph 2020/01/02 v1.5e typesetting epigraphs
 (c:/texlive/2023/texmf-dist/tex/latex/nextpage/nextpage.sty
Package: nextpage 2009/09/03 v1.1a additional page commands
)
\beforeepigraphskip=\skip66
\afterepigraphskip=\skip67
\epigraphwidth=\skip68
\epigraphrule=\skip69
) (c:/texlive/2023/texmf-dist/tex/latex/natbib/bibentry.sty
Package: bibentry 2007/10/30 1.5 (PWD)
) (c:/texlive/2023/texmf-dist/tex/latex/mathtools/mathtools.sty
Package: mathtools 2022/06/29 v1.29 mathematical typesetting tools
 (c:/texlive/2023/texmf-dist/tex/latex/mathtools/mhsetup.sty
Package: mhsetup 2021/03/18 v1.4 programming setup (MH)
)
\g_MT_multlinerow_int=\count301
\l_MT_multwidth_dim=\dimen187
\origjot=\skip70
\l_MT_shortvdotswithinadjustabove_dim=\dimen188
\l_MT_shortvdotswithinadjustbelow_dim=\dimen189
\l_MT_above_intertext_sep=\dimen190
\l_MT_below_intertext_sep=\dimen191
\l_MT_above_shortintertext_sep=\dimen192
\l_MT_below_shortintertext_sep=\dimen193
\xmathstrut@box=\box58
\xmathstrut@dim=\dimen194
) (c:/texlive/2023/texmf-dist/tex/latex/amscls/amsthm.sty
Package: amsthm 2020/05/29 v2.20.6
\thm@style=\toks28
\thm@bodyfont=\toks29
\thm@headfont=\toks30
\thm@notefont=\toks31
\thm@headpunct=\toks32
\thm@preskip=\skip71
\thm@postskip=\skip72
\thm@headsep=\skip73
\dth@everypar=\toks33
) (c:/texlive/2023/texmf-dist/tex/latex/siunitx/siunitx.sty
Package: siunitx 2023-11-14 v3.3.9 A comprehensive (SI) units package
\l__siunitx_number_uncert_offset_int=\count302
\l__siunitx_number_exponent_fixed_int=\count303
\l__siunitx_number_min_decimal_int=\count304
\l__siunitx_number_min_integer_int=\count305
\l__siunitx_number_round_precision_int=\count306
\l__siunitx_number_lower_threshold_int=\count307
\l__siunitx_number_upper_threshold_int=\count308
\l__siunitx_number_group_first_int=\count309
\l__siunitx_number_group_size_int=\count310
\l__siunitx_number_group_minimum_int=\count311
\l__siunitx_angle_tmp_dim=\dimen195
\l__siunitx_angle_marker_box=\box59
\l__siunitx_angle_unit_box=\box60
\l__siunitx_compound_count_int=\count312
 (c:/texlive/2023/texmf-dist/tex/latex/translations/translations.sty
Package: translations 2022/02/05 v1.12 internationalization of LaTeX2e packages (CN)
)
\l__siunitx_table_tmp_box=\box61
\l__siunitx_table_tmp_dim=\dimen196
\l__siunitx_table_column_width_dim=\dimen197
\l__siunitx_table_integer_box=\box62
\l__siunitx_table_decimal_box=\box63
\l__siunitx_table_uncert_box=\box64
\l__siunitx_table_before_box=\box65
\l__siunitx_table_after_box=\box66
\l__siunitx_table_before_dim=\dimen198
\l__siunitx_table_carry_dim=\dimen199
\l__siunitx_unit_tmp_int=\count313
\l__siunitx_unit_position_int=\count314
\l__siunitx_unit_total_int=\count315
) (c:/texlive/2023/texmf-dist/tex/latex/tex-gyre/tgpagella.sty
Package: tgpagella 2009/09/27 v1.2 TeX Gyre Pagella as default roman family
)
\c@theorem=\count316
\c@assumption=\count317
\c@lemma=\count318
\c@remark=\count319
))

c:/Users/danan/OneDrive/phd-thesis/thesis/chapter-4-missing-data-imputation/main.tex:10: LaTeX Error: Command \theorem already defined.
               Or name \end... illegal, see p.192 of the manual.

See the LaTeX manual or LaTeX Companion for explanation.
Type  H <return>  for immediate help.
 ...                                              
                                                  
l.10 \newtheorem{theorem}
                         {Theorem}
Your command was ignored.
Type  I <command> <return>  to replace it with another command,
or  <return>  to continue without it.


c:/Users/danan/OneDrive/phd-thesis/thesis/chapter-4-missing-data-imputation/main.tex:10: LaTeX Error: Missing \begin{document}.

See the LaTeX manual or LaTeX Companion for explanation.
Type  H <return>  for immediate help.
 ...                                              
                                                  
l.10 \newtheorem{theorem}{T
                           heorem}
You're in trouble here.  Try typing  <return>  to proceed.
If that doesn't work, type  X <return>  to quit.


c:/Users/danan/OneDrive/phd-thesis/thesis/chapter-4-missing-data-imputation/main.tex:11: LaTeX Error: Command \assumption already defined.
               Or name \end... illegal, see p.192 of the manual.

See the LaTeX manual or LaTeX Companion for explanation.
Type  H <return>  for immediate help.
 ...                                              
                                                  
l.11 \newtheorem{assumption}
                            {Assumption}
Your command was ignored.
Type  I <command> <return>  to replace it with another command,
or  <return>  to continue without it.

Package translations Info: No language package found. I am going to use `english' as default language. on input line 31.
LaTeX Font Info:    Trying to load font information for OT1+qpl on input line 31.
(c:/texlive/2023/texmf-dist/tex/latex/tex-gyre/ot1qpl.fd
File: ot1qpl.fd 2009/09/25 v1.2 font definition file for OT1/qpl
) (c:/texlive/2023/texmf-dist/tex/latex/l3backend/l3backend-pdftex.def
File: l3backend-pdftex.def 2024-01-04 L3 backend support: PDF output (pdfTeX)
\l__color_backend_stack_int=\count320
\l__pdf_internal_box=\box67
)
No file main.aux.
\openout1 = `main.aux'.

LaTeX Font Info:    Checking defaults for OML/cmm/m/it on input line 31.
LaTeX Font Info:    ... okay on input line 31.
LaTeX Font Info:    Checking defaults for OMS/cmsy/m/n on input line 31.
LaTeX Font Info:    ... okay on input line 31.
LaTeX Font Info:    Checking defaults for OT1/cmr/m/n on input line 31.
LaTeX Font Info:    ... okay on input line 31.
LaTeX Font Info:    Checking defaults for T1/cmr/m/n on input line 31.
LaTeX Font Info:    ... okay on input line 31.
LaTeX Font Info:    Checking defaults for TS1/cmr/m/n on input line 31.
LaTeX Font Info:    ... okay on input line 31.
LaTeX Font Info:    Checking defaults for OMX/cmex/m/n on input line 31.
LaTeX Font Info:    ... okay on input line 31.
LaTeX Font Info:    Checking defaults for U/cmr/m/n on input line 31.
LaTeX Font Info:    ... okay on input line 31.
LaTeX Font Info:    Checking defaults for PD1/pdf/m/n on input line 31.
LaTeX Font Info:    ... okay on input line 31.
LaTeX Font Info:    Checking defaults for PU/pdf/m/n on input line 31.
LaTeX Font Info:    ... okay on input line 31.
(c:/texlive/2023/texmf-dist/tex/context/base/mkii/supp-pdf.mkii
[Loading MPS to PDF converter (version 2006.09.02).]
\scratchcounter=\count321
\scratchdimen=\dimen256
\scratchbox=\box68
\nofMPsegments=\count322
\nofMParguments=\count323
\everyMPshowfont=\toks34
\MPscratchCnt=\count324
\MPscratchDim=\dimen257
\MPnumerator=\count325
\makeMPintoPDFobject=\count326
\everyMPtoPDFconversion=\toks35
) (c:/texlive/2023/texmf-dist/tex/latex/epstopdf-pkg/epstopdf-base.sty
Package: epstopdf-base 2020-01-24 v2.11 Base part for package epstopdf
Package epstopdf-base Info: Redefining graphics rule for `.eps' on input line 485.
 (c:/texlive/2023/texmf-dist/tex/latex/latexconfig/epstopdf-sys.cfg
File: epstopdf-sys.cfg 2010/07/13 v1.3 Configuration of (r)epstopdf for TeX Live
))
LaTeX Info: Redefining \microtypecontext on input line 31.
Package microtype Info: Applying patch `item' on input line 31.
Package microtype Info: Applying patch `toc' on input line 31.
Package microtype Info: Applying patch `eqnum' on input line 31.
Package microtype Info: Applying patch `footnote' on input line 31.
Package microtype Info: Applying patch `verbatim' on input line 31.
Package microtype Info: Generating PDF output.
Package microtype Info: Character protrusion enabled (level 2).
Package microtype Info: Using default protrusion set `alltext'.
Package microtype Info: Automatic font expansion enabled (level 2),
(microtype)             stretch: 20, shrink: 20, step: 1, non-selected.
Package microtype Info: Using default expansion set `alltext-nott'.
LaTeX Info: Redefining \showhyphens on input line 31.
Package microtype Info: No adjustment of tracking.
Package microtype Info: No adjustment of interword spacing.
Package microtype Info: No adjustment of character kerning.
 (c:/texlive/2023/texmf-dist/tex/latex/microtype/mt-ppl.cfg
File: mt-ppl.cfg 2005/11/16 v1.6 microtype config. file: Palatino (RS)
)
Package hyperref Info: Link coloring OFF on input line 31.
\@outlinefile=\write3
\openout3 = `main.out'.

Package backref Info: ** backref set up for natbib ** on input line 31.
Package caption Info: Begin \AtBeginDocument code.
Package caption Info: End \AtBeginDocument code.
 (c:/texlive/2023/texmf-dist/tex/latex/translations/translations-basic-dictionary-english.trsl
File: translations-basic-dictionary-english.trsl (english translation file `translations-basic-dictionary')
)
Package translations Info: loading dictionary `translations-basic-dictionary' for `english'. on input line 31.
 [1

{c:/texlive/2023/texmf-var/fonts/map/pdftex/updmap/pdftex.map}{c:/texlive/2023/texmf-dist/fonts/enc/dvips/tex-gyre/q-rm.enc}] [2

]
Chapter 1.
[3] (c:/texlive/2023/texmf-dist/tex/latex/microtype/mt-cmr.cfg
File: mt-cmr.cfg 2013/05/19 v2.2 microtype config. file: Computer Modern Roman (RS)
)
LaTeX Font Info:    Trying to load font information for U+msa on input line 43.
 (c:/texlive/2023/texmf-dist/tex/latex/amsfonts/umsa.fd
File: umsa.fd 2013/01/14 v3.01 AMS symbols A
) (c:/texlive/2023/texmf-dist/tex/latex/microtype/mt-msa.cfg
File: mt-msa.cfg 2006/02/04 v1.1 microtype config. file: AMS symbols (a) (RS)
)
LaTeX Font Info:    Trying to load font information for U+msb on input line 43.
 (c:/texlive/2023/texmf-dist/tex/latex/amsfonts/umsb.fd
File: umsb.fd 2013/01/14 v3.01 AMS symbols B
) (c:/texlive/2023/texmf-dist/tex/latex/microtype/mt-msb.cfg
File: mt-msb.cfg 2005/06/01 v1.0 microtype config. file: AMS symbols (b) (RS)
)

Package natbib Warning: Citation `devlinBERTPretrainingDeep2019' on page 4 undefined on input line 49.


Package natbib Warning: Citation `quanDeepLearningBasedImage2024' on page 4 undefined on input line 53.


Package natbib Warning: Citation `sterneMultipleImputationMissing2009' on page 4 undefined on input line 53.


Package natbib Warning: Citation `heMaskedAutoencodersAre2022' on page 4 undefined on input line 53.


Package natbib Warning: Citation `devlinBERTPretrainingDeep2019' on page 4 undefined on input line 53.


Package natbib Warning: Citation `rubinInferenceMissingData1976' on page 4 undefined on input line 59.

[4]

Package natbib Warning: Citation `rubinInferenceMissingData1976' on page 5 undefined on input line 64.


Package natbib Warning: Citation `rubinMultipleImputation181996' on page 5 undefined on input line 64.



pdfTeX warning: pdflatex.exe (file chapter-4-missing-data-imputation/figures/versatile_imputation.pdf): PDF inclusion: found PDF version <1.7>, but at most version <1.5> allowed
<figures/versatile_imputation.pdf, id=37, 468.79138pt x 143.5764pt>
File: figures/versatile_imputation.pdf Graphic file (type pdf)
<use figures/versatile_imputation.pdf>
Package pdftex.def Info: figures/versatile_imputation.pdf  used on input line 70.
(pdftex.def)             Requested size: 455.24411pt x 139.42885pt.

Overfull \hbox (19.64346pt too wide) in paragraph at lines 77--81
\OT1/qpl/m/n/12 (-20) with miss-ing-ness pat-terns sam-pled from an un-known miss-ing-ness den-sity. Each observation-
 []

[5 <chapter-4-missing-data-imputation/figures/versatile_imputation.pdf>]

LaTeX Warning: Reference `fig:versatile' on page 6 undefined on input line 86.

[6]

Package natbib Warning: Citation `quanDeepLearningBasedImage2024' on page 7 undefined on input line 101.


Package natbib Warning: Citation `quanDeepLearningBasedImage2024' on page 7 undefined on input line 103.


Package natbib Warning: Citation `suSurveyDeepLearning2022' on page 7 undefined on input line 103.


Package natbib Warning: Citation `heMaskedAutoencodersAre2022' on page 7 undefined on input line 103.


Package natbib Warning: Citation `devlinBERTPretrainingDeep2019' on page 7 undefined on input line 103.


Package natbib Warning: Citation `brownLanguageModelsAre2020a' on page 7 undefined on input line 103.


Package natbib Warning: Citation `kazijevsDeepImputationMissing2023' on page 7 undefined on input line 103.


Package natbib Warning: Citation `chanSuperresolutionImageReconstruction2007' on page 7 undefined on input line 103.


Package natbib Warning: Citation `rubinInferenceMissingData1976' on page 7 undefined on input line 142.


Package natbib Warning: Citation `campionMultipleImputationNonresponse1989' on page 7 undefined on input line 142.


Package natbib Warning: Citation `sterneMultipleImputationMissing2009' on page 7 undefined on input line 142.

[7]

Package natbib Warning: Citation `rasmussenGaussianProcessesMachine2005' on page 8 undefined on input line 144.


Package natbib Warning: Citation `jafrastehGaussianProcessesMissing2022' on page 8 undefined on input line 144.


Package natbib Warning: Citation `caiSingularValueThresholding2010' on page 8 undefined on input line 144.


Package natbib Warning: Citation `elharroussImageInpaintingReview2020' on page 8 undefined on input line 146.


Package natbib Warning: Citation `brownLanguageModelsAre2020a' on page 8 undefined on input line 146.


Package natbib Warning: Citation `chanSuperresolutionImageReconstruction2007' on page 8 undefined on input line 146.


Package natbib Warning: Citation `heMaskedAutoencodersAre2022' on page 8 undefined on input line 148.


Package natbib Warning: Citation `tangSelfsupervisedLearningDataefficient2024' on page 8 undefined on input line 148.


Package natbib Warning: Citation `wuSurveyHumanintheloopMachine2022' on page 8 undefined on input line 150.


Package natbib Warning: Citation `xinAcceleratingHumanintheloopMachine2018' on page 8 undefined on input line 150.


Package natbib Warning: Citation `chaiHumanintheloopTechniquesMachine2020' on page 8 undefined on input line 150.


Package natbib Warning: Citation `elharroussImageInpaintingReview2020' on page 8 undefined on input line 150.


Package natbib Warning: Citation `park2019semantic' on page 8 undefined on input line 150.


Package natbib Warning: Citation `zhangCoherentImageInpainting2023' on page 8 undefined on input line 150.


Package natbib Warning: Citation `tschannenRecentAdvancesAutoencoderBased2018' on page 8 undefined on input line 152.


Package natbib Warning: Citation `anEffectiveDirectControl2021' on page 8 undefined on input line 152.


Package natbib Warning: Citation `hsuHierarchicalGenerativeModeling2019' on page 8 undefined on input line 152.


Package natbib Warning: Citation `sunFullyhierarchicalFinegrainedProsody2020' on page 8 undefined on input line 152.


Package natbib Warning: Citation `vandenoordNeuralDiscreteRepresentation2017' on page 8 undefined on input line 152.


Package natbib Warning: Citation `schroderEmotionalSpeechSynthesis2001' on page 8 undefined on input line 154.


Package natbib Warning: Citation `prateekOtherNewsBistyle2019' on page 8 undefined on input line 154.


Package natbib Warning: Citation `brownLanguageModelsAre2020a' on page 8 undefined on input line 156.


Package natbib Warning: Citation `rombachHighresolutionImageSynthesis2022' on page 8 undefined on input line 156.


Package natbib Warning: Citation `rameshHierarchicalTextconditionalImage2022' on page 8 undefined on input line 156.


Package natbib Warning: Citation `vandenoordNeuralDiscreteRepresentation2017' on page 8 undefined on input line 156.


Package natbib Warning: Citation `sohnLearningStructuredOutput2015' on page 8 undefined on input line 156.


Package natbib Warning: Citation `mirza2014conditional' on page 8 undefined on input line 156.


Package natbib Warning: Citation `winklerLearningLikelihoodsConditional2020' on page 8 undefined on input line 156.

[8]

Package natbib Warning: Citation `borsosSpeechPainterTextconditionedSpeech2022' on page 9 undefined on input line 158.


Package natbib Warning: Citation `elharroussImageInpaintingReview2020' on page 9 undefined on input line 158.



pdfTeX warning: pdflatex.exe (file chapter-4-missing-data-imputation/figures/encoder_last.pdf): PDF inclusion: found PDF version <1.7>, but at most version <1.5> allowed
<figures/encoder_last.pdf, id=91, 904.33856pt x 489.74968pt>
File: figures/encoder_last.pdf Graphic file (type pdf)
<use figures/encoder_last.pdf>
Package pdftex.def Info: figures/encoder_last.pdf  used on input line 216.
(pdftex.def)             Requested size: 455.24411pt x 246.5407pt.

Package natbib Warning: Citation `vincentExtractingComposingRobust2008' on page 9 undefined on input line 223.


Package natbib Warning: Citation `bengioGeneralizedDenoisingAutoencoders2013' on page 9 undefined on input line 223.


Package natbib Warning: Citation `heMaskedAutoencodersAre2022' on page 9 undefined on input line 223.


Package natbib Warning: Citation `heMaskedAutoencodersAre2022' on page 9 undefined on input line 223.


Package natbib Warning: Citation `devlinBERTPretrainingDeep2019' on page 9 undefined on input line 223.


Package natbib Warning: Citation `gondaraMIDAMultipleImputation2018' on page 9 undefined on input line 223.


Package natbib Warning: Citation `tangSelfsupervisedLearningDataefficient2024' on page 9 undefined on input line 223.


LaTeX Warning: Reference `sec:mivae-evaluation' on page 9 undefined on input line 223.

[9 <chapter-4-missing-data-imputation/figures/encoder_last.pdf>]

Package natbib Warning: Citation `kingma2013auto' on page 10 undefined on input line 225.


Package natbib Warning: Citation `rezende2014stochastic' on page 10 undefined on input line 225.


Overfull \hbox (0.82036pt too wide) in paragraph at lines 227--228
[]\OT1/qpl/m/n/12 (-20) Formally, the masked au-toen-coder com-prises a gen-er-a-tive den-sity, $\OML/cmm/m/it/12 p[]$\OT1/qpl/m/n/12 (-20) , parametrised
 []


Overfull \hbox (45.72426pt too wide) detected at line 248
[]
 []

[10]

Package natbib Warning: Citation `vaswaniAttentionAllYou2017' on page 11 undefined on input line 258.


Package natbib Warning: Citation `ilseAttentionbasedDeepMultiple2018' on page 11 undefined on input line 258.


LaTeX Warning: Reference `fig:encoder' on page 11 undefined on input line 258.


Package natbib Warning: Citation `vaswaniAttentionAllYou2017' on page 11 undefined on input line 260.



pdfTeX warning: pdflatex.exe (file chapter-4-missing-data-imputation/figures/new_prob.pdf): PDF inclusion: found PDF version <1.7>, but at most version <1.5> allowed
<figures/new_prob.pdf, id=116, 185.73389pt x 101.4189pt>
File: figures/new_prob.pdf Graphic file (type pdf)
<use figures/new_prob.pdf>
Package pdftex.def Info: figures/new_prob.pdf  used on input line 269.
(pdftex.def)             Requested size: 273.14923pt x 149.16289pt.

Package natbib Warning: Citation `sohnLearningStructuredOutput2015' on page 11 undefined on input line 276.


Package natbib Warning: Citation `kingma2013auto' on page 11 undefined on input line 278.


Package natbib Warning: Citation `rezende2014stochastic' on page 11 undefined on input line 278.

[11]

LaTeX Warning: Reference `eq:MIVAE-elbo' on page 12 undefined on input line 302.


LaTeX Warning: Reference `eq:masked-elbo' on page 12 undefined on input line 302.

[12 <chapter-4-missing-data-imputation/figures/new_prob.pdf>]

Package natbib Warning: Citation `heMaskedAutoencodersAre2022' on page 13 undefined on input line 306.


Package natbib Warning: Citation `zhangHowMaskMatters2022' on page 13 undefined on input line 306.


Package natbib Warning: Citation `zhangHowMaskMatters2022' on page 13 undefined on input line 306.


LaTeX Warning: Reference `eq:masked-elbo' on page 13 undefined on input line 306.


LaTeX Warning: Reference `eq:MIVAE-elbo' on page 13 undefined on input line 306.

[13]

LaTeX Warning: Reference `eq:MIVAE-elbo' on page 14 undefined on input line 324.


LaTeX Warning: Reference `eq:MIVAE-imputation-loss' on page 14 undefined on input line 324.


LaTeX Warning: Reference `eq:MIVAE-imputation-loss' on page 14 undefined on input line 330.


Overfull \hbox (5.86514pt too wide) detected at line 336
[][][]\OMS/cmsy/m/n/12 8\OML/cmm/m/it/12 w \OMS/cmsy/m/n/12 2 \U/msb/m/n/12 R[]\OML/cmm/m/it/12 ;  \OMS/cmsy/m/n/12 8\OML/cmm/m/it/12 d \OMS/cmsy/m/n/12 2 \U/msb/m/n/12 N\OML/cmm/m/it/12 ;  \OMS/cmsy/m/n/12 8\OML/cmm/m/it/12 x \OMS/cmsy/m/n/12 2 \U/msb/m/n/12 R[]\OML/cmm/m/it/12 ;  q[] [] \OT1/cmr/m/n/12 = [][] \OML/cmm/m/it/12 q[] []  q[] []  dy[];
 []


Overfull \hbox (43.36581pt too wide) detected at line 347
\OMS/cmsy/m/n/12 8\OML/cmm/m/it/12 k \OMS/cmsy/m/n/12 2 f\OT1/cmr/m/n/12 1 : \OML/cmm/m/it/12 d[]\OMS/cmsy/m/n/12 g\OML/cmm/m/it/12 ;  q[] \OMS/cmsy/m/n/12 ^^Q \OML/cmm/m/it/12 q[]  \OT1/cmr/m/n/12 =[]\OMS/cmsy/m/n/12 )  [] \OT1/cmr/m/n/12 = 0\OML/cmm/m/it/12 :
 []

[14]

LaTeX Warning: Reference `eq:MIVAE-imputation-loss' on page 15 undefined on input line 353.


Overfull \hbox (5.03955pt too wide) in paragraph at lines 352--354
\OT1/qpl/m/n/12 (-20) This de-com-po-si-tion is iden-ti-cal to the term on the left-hand side of the KL-divergence
 []


LaTeX Warning: Reference `eq:MIVAE-implied' on page 15 undefined on input line 356.


Overfull \hbox (7.27203pt too wide) in paragraph at lines 356--357
[]\OT1/qpl/m/n/12 (-20) The dif-fer-ence be-tween the pos-te-rior, $\OML/cmm/m/it/12 q[]$\OT1/qpl/m/n/12 (-20) , and the im-plied pos-te-rior, $\OML/cmm/m/it/12 q[]$\OT1/qpl/m/n/12 (-20) ,
 []

[15]

LaTeX Warning: Reference `eq:MIVAE-h-func' on page 16 undefined on input line 362.


Package natbib Warning: Citation `sugiyamaDensityRatioEstimation2012' on page 16 undefined on input line 367.


Package natbib Warning: Citation `bleiVariationalInferenceReview2017' on page 16 undefined on input line 376.


Package natbib Warning: Citation `devlinBERTPretrainingDeep2019' on page 16 undefined on input line 383.


Package natbib Warning: Citation `heMaskedAutoencodersAre2022' on page 16 undefined on input line 383.


Package natbib Warning: Citation `liMaskedModelingSelfsupervised2024' on page 16 undefined on input line 383.

[16]

Package natbib Warning: Citation `lempitskyDeepImagePrior2018' on page 17 undefined on input line 385.


Package natbib Warning: Citation `feffermanTestingManifoldHypothesis2016' on page 17 undefined on input line 385.

[17]

Package natbib Warning: Citation `hodariSynthesisingProsodyInsufficient2022' on page 18 undefined on input line 544.


Package natbib Warning: Citation `calhounCentralityMetricalStructure2010' on page 18 undefined on input line 546.


Package natbib Warning: Citation `tranNeuralModelsIntegrating2020' on page 18 undefined on input line 546.


Package natbib Warning: Citation `clarkGroundingCommunication1991' on page 18 undefined on input line 546.


Package natbib Warning: Citation `gravanoTurnyieldingCuesTaskoriented2009' on page 18 undefined on input line 546.


Package natbib Warning: Citation `bryantVerbalIronyWild2011' on page 18 undefined on input line 546.


Package natbib Warning: Citation `gironzettiProsodicMultimodalMarkers2017' on page 18 undefined on input line 546.


Package natbib Warning: Citation `ben-davidProsodySemanticsAre2016' on page 18 undefined on input line 546.


Package natbib Warning: Citation `wanCHiVEVaryingProsody2019' on page 18 undefined on input line 546.


Package natbib Warning: Citation `clarkGroundingCommunication1991' on page 18 undefined on input line 546.


Package natbib Warning: Citation `mohanCtrlPTemporalControl2021' on page 18 undefined on input line 546.


Package natbib Warning: Citation `alRethinkingContextLanguage1992' on page 18 undefined on input line 546.


Package natbib Warning: Citation `hodariUsingGenerativeModelling2019' on page 18 undefined on input line 546.


Package natbib Warning: Citation `clarkGroundingCommunication1991' on page 18 undefined on input line 546.


Package natbib Warning: Citation `wagnerExperimentalTheoreticalAdvances2010' on page 18 undefined on input line 548.


Package natbib Warning: Citation `wagnerExperimentalTheoreticalAdvances2010' on page 18 undefined on input line 550.


Package natbib Warning: Citation `mohanCtrlPTemporalControl2021' on page 18 undefined on input line 550.

[18]

Package natbib Warning: Citation `wagnerExperimentalTheoreticalAdvances2010' on page 19 undefined on input line 552.


Package natbib Warning: Citation `talkinRobustAlgorithmPitch1995' on page 19 undefined on input line 561.


Package natbib Warning: Citation `poveyKaldiSpeechRecognition2011' on page 19 undefined on input line 561.

<figures/MIVAE_result.pdf, id=184, 505.89pt x 361.35pt>
File: figures/MIVAE_result.pdf Graphic file (type pdf)
<use figures/MIVAE_result.pdf>
Package pdftex.def Info: figures/MIVAE_result.pdf  used on input line 567.
(pdftex.def)             Requested size: 455.24411pt x 325.17891pt.

Package natbib Warning: Citation `wagnerExperimentalTheoreticalAdvances2010' on page 19 undefined on input line 577.

[19] [20 <chapter-4-missing-data-imputation/figures/MIVAE_result.pdf>]

LaTeX Warning: Reference `sec:conventional-approach' on page 21 undefined on input line 595.


LaTeX Warning: Reference `fig:generalisation' on page 21 undefined on input line 602.

<figures/demo_a09_08q_004_energy.png, id=238, 966.9726pt x 288.3573pt>
File: figures/demo_a09_08q_004_energy.png Graphic file (type png)
<use figures/demo_a09_08q_004_energy.png>
Package pdftex.def Info: figures/demo_a09_08q_004_energy.png  used on input line 620.
(pdftex.def)             Requested size: 455.24411pt x 135.75674pt.
<figures/efficiency.pdf, id=240, 462.52798pt x 346.89601pt>
File: figures/efficiency.pdf Graphic file (type pdf)
<use figures/efficiency.pdf>
Package pdftex.def Info: figures/efficiency.pdf  used on input line 628.
(pdftex.def)             Requested size: 455.24411pt x 341.44844pt.
[21]

Package natbib Warning: Citation `siniIntroducingProsodicSpeaker2020' on page 22 undefined on input line 639.

[22 <chapter-4-missing-data-imputation/figures/demo_a09_08q_004_energy.png>]
Underfull \hbox (badness 1881) in paragraph at lines 651--651
[][][]\OT1/qpl/m/n/10 (+20) Samples demon-strat-ing TTS for these sys-tems can be found here, []anonymous-submission-
 []


LaTeX Warning: Reference `fig:iterative' on page 23 undefined on input line 668.

[23 <chapter-4-missing-data-imputation/figures/efficiency.pdf>]
<figures/faithfulness.png, id=314, 883.3pt x 114.4275pt>
File: figures/faithfulness.png Graphic file (type png)
<use figures/faithfulness.png>
Package pdftex.def Info: figures/faithfulness.png  used on input line 676.
(pdftex.def)             Requested size: 455.24411pt x 58.97534pt.


Package natbib Warning: Citation `mohanCtrlPTemporalControl2021' on page 24 undefined on input line 686.


Package natbib Warning: Citation `vandenoordWaveNetGenerativeModel2016' on page 24 undefined on input line 686.


LaTeX Warning: Reference `fig:faithfulness' on page 24 undefined on input line 688.

[24 <chapter-4-missing-data-imputation/figures/faithfulness.png>] (chapter-4-missing-data-imputation/main.bbl (chapter-4-missing-data-imputation/main.brf)
\tf@brf=\write4
\openout4 = `main.brf'.

 [25] [26

] [27] [28] [29] [30] [31])

Package natbib Warning: There were undefined citations.

[32] (chapter-4-missing-data-imputation/main.aux

Package natbib Warning: Citation(s) may have changed.
(natbib)                Rerun to get citations correct.

)
 ***********
LaTeX2e <2023-11-01>
L3 programming layer <2024-01-04>
 ***********


LaTeX Warning: There were undefined references.


LaTeX Warning: Label(s) may have changed. Rerun to get cross-references right.


Package rerunfilecheck Warning: File `main.out' has changed.
(rerunfilecheck)                Rerun to get outlines right
(rerunfilecheck)                or use package `bookmark'.

Package rerunfilecheck Info: Checksums for `main.out':
(rerunfilecheck)             Before: <no file>
(rerunfilecheck)             After:  124015618093D33885CF552347DAA0F2;3043.

Package rerunfilecheck Warning: File `main.brf' has changed.
(rerunfilecheck)                Rerun to get bibliographical references right.

Package rerunfilecheck Info: Checksums for `main.brf':
(rerunfilecheck)             Before: 239B51C686C663D706AF6B444836D835;6872
(rerunfilecheck)             After:  D41D8CD98F00B204E9800998ECF8427E;0.
 ) 
Here is how much of TeX's memory you used:
 20431 strings out of 474166
 397463 string characters out of 5749518
 1942528 words of memory out of 5000000
 42093 multiletter control sequences out of 15000+600000
 622523 words of font info for 205 fonts, out of 8000000 for 9000
 1141 hyphenation exceptions out of 8191
 110i,27n,113p,2051b,1138s stack positions out of 10000i,1000n,20000p,200000b,200000s
<c:/texlive/2023/texmf-dist/fonts/type1/public/amsfonts/cm/cmbx12.pfb><c:/texlive/2023/texmf-dist/fonts/type1/public/amsfonts/cm/cmbx6.pfb><c:/texlive/2023/texmf-dist/fonts/type1/public/amsfonts/cm/cmbx8.pfb><c:/texlive/2023/texmf-dist/fonts/type1/public/amsfonts/cm/cmex10.pfb><c:/texlive/2023/texmf-dist/fonts/type1/public/amsfonts/cm/cmmi12.pfb><c:/texlive/2023/texmf-dist/fonts/type1/public/amsfonts/cm/cmmi6.pfb><c:/texlive/2023/texmf-dist/fonts/type1/public/amsfonts/cm/cmmi8.pfb><c:/texlive/2023/texmf-dist/fonts/type1/public/amsfonts/cm/cmr12.pfb><c:/texlive/2023/texmf-dist/fonts/type1/public/amsfonts/cm/cmr6.pfb><c:/texlive/2023/texmf-dist/fonts/type1/public/amsfonts/cm/cmr8.pfb><c:/texlive/2023/texmf-dist/fonts/type1/public/amsfonts/cm/cmsy10.pfb><c:/texlive/2023/texmf-dist/fonts/type1/public/amsfonts/cm/cmsy6.pfb><c:/texlive/2023/texmf-dist/fonts/type1/public/amsfonts/cm/cmsy8.pfb><c:/texlive/2023/texmf-dist/fonts/type1/public/amsfonts/symbols/msam10.pfb><c:/texlive/2023/texmf-dist/fonts/type1/public/amsfonts/symbols/msbm10.pfb><c:/texlive/2023/texmf-dist/fonts/type1/public/tex-gyre/qplb.pfb><c:/texlive/2023/texmf-dist/fonts/type1/public/tex-gyre/qplr.pfb><c:/texlive/2023/texmf-dist/fonts/type1/public/tex-gyre/qplri.pfb>
Output written on chapter-4-missing-data-imputation/main.pdf (32 pages, 957889 bytes).
PDF statistics:
 621 PDF objects out of 1000 (max. 8388607)
 461 compressed objects within 5 object streams
 154 named destinations out of 1000 (max. 500000)
 32804 words of extra memory for PDF output out of 35830 (max. 10000000)

